Archive member included because of file (symbol)

/home/enrico/LPXworkspace/CMSISv2p00_LPC17xx/Debug/libCMSISv2p00_LPC17xx.a(system_LPC17xx.o)
                              ./src/cr_startup_lpc175x_6x.o (SystemInit)
/usr/local/lpcxpresso_7.0.2_102/lpcxpresso/tools/bin/../lib/gcc/arm-none-eabi/4.8.3/../../../../arm-none-eabi/lib/armv7-m/libcr_c.a(memcpy.o)
                              ./src/main.o (memcpy)
/usr/local/lpcxpresso_7.0.2_102/lpcxpresso/tools/bin/../lib/gcc/arm-none-eabi/4.8.3/../../../../arm-none-eabi/lib/armv7-m/libcr_c.a(memset.o)
                              ./src/tcpip.o (memset)
/usr/local/lpcxpresso_7.0.2_102/lpcxpresso/tools/bin/../lib/gcc/arm-none-eabi/4.8.3/../../../../arm-none-eabi/lib/armv7-m/libcr_c.a(__weak__main.o)
                              ./src/cr_startup_lpc175x_6x.o (__main)
/usr/local/lpcxpresso_7.0.2_102/lpcxpresso/tools/bin/../lib/gcc/arm-none-eabi/4.8.3/../../../../arm-none-eabi/lib/armv7-m/libcr_c.a(memcmp.o)
                              ./src/tcpip.o (memcmp)
/usr/local/lpcxpresso_7.0.2_102/lpcxpresso/tools/bin/../lib/gcc/arm-none-eabi/4.8.3/../../../../arm-none-eabi/lib/armv7-m/libcr_c.a(strncpy.o)
                              ./src/main.o (strncpy)
/usr/local/lpcxpresso_7.0.2_102/lpcxpresso/tools/bin/../lib/gcc/arm-none-eabi/4.8.3/armv7-m/libcr_eabihelpers.a(division_64.o)
                              /home/enrico/LPXworkspace/CMSISv2p00_LPC17xx/Debug/libCMSISv2p00_LPC17xx.a(system_LPC17xx.o) (__aeabi_uldivmod)
/usr/local/lpcxpresso_7.0.2_102/lpcxpresso/tools/bin/../lib/gcc/arm-none-eabi/4.8.3/armv7-m/libcr_eabihelpers.a(division_idiv0.o)
                              /usr/local/lpcxpresso_7.0.2_102/lpcxpresso/tools/bin/../lib/gcc/arm-none-eabi/4.8.3/armv7-m/libcr_eabihelpers.a(division_64.o) (__aeabi_idiv0)
/usr/local/lpcxpresso_7.0.2_102/lpcxpresso/tools/bin/../lib/gcc/arm-none-eabi/4.8.3/armv7-m/libcr_eabihelpers.a(memcpy.o)
                              /usr/local/lpcxpresso_7.0.2_102/lpcxpresso/tools/bin/../lib/gcc/arm-none-eabi/4.8.3/../../../../arm-none-eabi/lib/armv7-m/libcr_c.a(memcpy.o) (__aeabi_memcpy)

Allocating common symbols
Common symbol       size              file

TCPTimer            0x1               ./src/main.o
HTTPBytesToSend     0x4               ./src/main.o
TCPRxDataCount      0x2               ./src/main.o
HTTPStatus          0x1               ./src/main.o
TCPTxDataCount      0x2               ./src/main.o
RecdFrameIP         0x4               ./src/main.o
RemoteMAC           0x6               ./src/main.o
TCPStateMachine     0x1               ./src/main.o
TCPUNASeqNr         0x4               ./src/main.o
TCPLocalPort        0x2               ./src/main.o
_RxTCPBuffer        0x100             ./src/main.o
TCPFlags            0x1               ./src/main.o
WebSide             0x2710            ./src/main.o
RecdFrameMAC        0x6               ./src/main.o
RecdIPFrameLength   0x2               ./src/main.o
PWebSide            0x4               ./src/main.o
RemoteIP            0x4               ./src/main.o
LastFrameSent       0x1               ./src/main.o
TCPRemotePort       0x2               ./src/main.o
TxFrame2Size        0x1               ./src/main.o
TCPAckNr            0x4               ./src/main.o
TransmitControl     0x1               ./src/main.o
TxFrame1Size        0x2               ./src/main.o
ISNGenHigh          0x2               ./src/main.o
_TxFrame2           0x4a              ./src/main.o
RecdFrameLength     0x2               ./src/main.o
_TxFrame1           0x236             ./src/main.o
TCPSeqNr            0x4               ./src/main.o
RetryCounter        0x1               ./src/main.o
__Ciob              0x28              ./src/main.o
SocketStatus        0x1               ./src/main.o

Discarded input sections

 .group         0x00000000        0x8 ./src/cr_startup_lpc175x_6x.o
 .text          0x00000000        0x0 ./src/cr_startup_lpc175x_6x.o
 .data          0x00000000        0x0 ./src/cr_startup_lpc175x_6x.o
 .bss           0x00000000        0x0 ./src/cr_startup_lpc175x_6x.o
 .group         0x00000000        0x8 ./src/crp.o
 .group         0x00000000        0x8 ./src/crp.o
 .text          0x00000000        0x0 ./src/crp.o
 .data          0x00000000        0x0 ./src/crp.o
 .bss           0x00000000        0x0 ./src/crp.o
 .crp           0x00000000        0x4 ./src/crp.o
 .debug_info    0x00000000       0x3f ./src/crp.o
 .debug_abbrev  0x00000000       0x36 ./src/crp.o
 .debug_aranges
                0x00000000       0x18 ./src/crp.o
 .debug_macro   0x00000000       0x1a ./src/crp.o
 .debug_macro   0x00000000      0x85c ./src/crp.o
 .debug_macro   0x00000000       0x34 ./src/crp.o
 .debug_line    0x00000000       0x7c ./src/crp.o
 .debug_str     0x00000000     0x24c5 ./src/crp.o
 .comment       0x00000000       0x71 ./src/crp.o
 .ARM.attributes
                0x00000000       0x33 ./src/crp.o
 .group         0x00000000        0x8 ./src/ethmac.o
 .group         0x00000000        0x8 ./src/ethmac.o
 .group         0x00000000        0x8 ./src/ethmac.o
 .group         0x00000000        0x8 ./src/ethmac.o
 .group         0x00000000        0x8 ./src/ethmac.o
 .group         0x00000000        0x8 ./src/ethmac.o
 .group         0x00000000        0x8 ./src/ethmac.o
 .group         0x00000000        0x8 ./src/ethmac.o
 .group         0x00000000        0x8 ./src/ethmac.o
 .group         0x00000000        0x8 ./src/ethmac.o
 .group         0x00000000        0x8 ./src/ethmac.o
 .text          0x00000000        0x0 ./src/ethmac.o
 .data          0x00000000        0x0 ./src/ethmac.o
 .bss           0x00000000        0x0 ./src/ethmac.o
 .debug_macro   0x00000000      0x85c ./src/ethmac.o
 .group         0x00000000        0x8 ./src/ew_systick.o
 .group         0x00000000        0x8 ./src/ew_systick.o
 .group         0x00000000        0x8 ./src/ew_systick.o
 .group         0x00000000        0x8 ./src/ew_systick.o
 .group         0x00000000        0x8 ./src/ew_systick.o
 .group         0x00000000        0x8 ./src/ew_systick.o
 .group         0x00000000        0x8 ./src/ew_systick.o
 .group         0x00000000        0x8 ./src/ew_systick.o
 .group         0x00000000        0x8 ./src/ew_systick.o
 .text          0x00000000        0x0 ./src/ew_systick.o
 .data          0x00000000        0x0 ./src/ew_systick.o
 .bss           0x00000000        0x0 ./src/ew_systick.o
 .debug_macro   0x00000000      0x85c ./src/ew_systick.o
 .debug_macro   0x00000000       0x1c ./src/ew_systick.o
 .debug_macro   0x00000000       0x2e ./src/ew_systick.o
 .debug_macro   0x00000000       0x10 ./src/ew_systick.o
 .debug_macro   0x00000000      0x122 ./src/ew_systick.o
 .debug_macro   0x00000000      0x5b9 ./src/ew_systick.o
 .debug_macro   0x00000000       0x18 ./src/ew_systick.o
 .debug_macro   0x00000000      0x7af ./src/ew_systick.o
 .debug_macro   0x00000000      0x2c7 ./src/ew_systick.o
 .group         0x00000000        0x8 ./src/lpc1768.o
 .group         0x00000000        0x8 ./src/lpc1768.o
 .group         0x00000000        0x8 ./src/lpc1768.o
 .group         0x00000000        0x8 ./src/lpc1768.o
 .group         0x00000000        0x8 ./src/lpc1768.o
 .group         0x00000000        0x8 ./src/lpc1768.o
 .group         0x00000000        0x8 ./src/lpc1768.o
 .group         0x00000000        0x8 ./src/lpc1768.o
 .group         0x00000000        0x8 ./src/lpc1768.o
 .text          0x00000000        0x0 ./src/lpc1768.o
 .data          0x00000000        0x0 ./src/lpc1768.o
 .bss           0x00000000        0x0 ./src/lpc1768.o
 .text.Delay    0x00000000       0x20 ./src/lpc1768.o
 .text.resetGPIO
                0x00000000       0x70 ./src/lpc1768.o
 .text.setOutput_LEDint
                0x00000000       0x1c ./src/lpc1768.o
 .text.setInput_P2
                0x00000000       0x1c ./src/lpc1768.o
 .text.setButton_reset
                0x00000000       0x1c ./src/lpc1768.o
 .text.setOutput_ADC_Rint
                0x00000000       0x40 ./src/lpc1768.o
 .text.setBeep  0x00000000       0x38 ./src/lpc1768.o
 .text.stop_beep
                0x00000000       0x24 ./src/lpc1768.o
 .text.setJoySwitch
                0x00000000       0x1c ./src/lpc1768.o
 .text.turn_off_the_LEDS
                0x00000000       0x18 ./src/lpc1768.o
 .text.turn_on_single_LED
                0x00000000       0x24 ./src/lpc1768.o
 .text.turn_off_single_LED
                0x00000000       0x24 ./src/lpc1768.o
 .text.reset_is_pressed
                0x00000000       0x28 ./src/lpc1768.o
 .text.joyswitch_up
                0x00000000       0x28 ./src/lpc1768.o
 .text.joyswitch_down
                0x00000000       0x28 ./src/lpc1768.o
 .text.joyswitch_right
                0x00000000       0x28 ./src/lpc1768.o
 .text.joyswitch_left
                0x00000000       0x28 ./src/lpc1768.o
 .text.joyswitch_pressed
                0x00000000       0x28 ./src/lpc1768.o
 .text.beep     0x00000000       0x34 ./src/lpc1768.o
 .text.convert_from_ADC_VR
                0x00000000       0x48 ./src/lpc1768.o
 .debug_info    0x00000000      0x9c5 ./src/lpc1768.o
 .debug_abbrev  0x00000000      0x1b4 ./src/lpc1768.o
 .debug_aranges
                0x00000000       0xb8 ./src/lpc1768.o
 .debug_ranges  0x00000000       0xa8 ./src/lpc1768.o
 .debug_macro   0x00000000       0x7f ./src/lpc1768.o
 .debug_macro   0x00000000      0x85c ./src/lpc1768.o
 .debug_macro   0x00000000       0x1c ./src/lpc1768.o
 .debug_macro   0x00000000       0x2e ./src/lpc1768.o
 .debug_macro   0x00000000       0x10 ./src/lpc1768.o
 .debug_macro   0x00000000      0x122 ./src/lpc1768.o
 .debug_macro   0x00000000      0x5b9 ./src/lpc1768.o
 .debug_macro   0x00000000       0x18 ./src/lpc1768.o
 .debug_macro   0x00000000      0x7af ./src/lpc1768.o
 .debug_macro   0x00000000      0x2c7 ./src/lpc1768.o
 .debug_line    0x00000000      0x31a ./src/lpc1768.o
 .debug_str     0x00000000     0x813f ./src/lpc1768.o
 .comment       0x00000000       0x71 ./src/lpc1768.o
 .ARM.attributes
                0x00000000       0x33 ./src/lpc1768.o
 .debug_frame   0x00000000      0x208 ./src/lpc1768.o
 .group         0x00000000        0x8 ./src/main.o
 .group         0x00000000        0x8 ./src/main.o
 .group         0x00000000        0x8 ./src/main.o
 .group         0x00000000        0x8 ./src/main.o
 .group         0x00000000        0x8 ./src/main.o
 .group         0x00000000        0x8 ./src/main.o
 .group         0x00000000        0x8 ./src/main.o
 .group         0x00000000        0x8 ./src/main.o
 .group         0x00000000        0x8 ./src/main.o
 .group         0x00000000        0x8 ./src/main.o
 .group         0x00000000        0x8 ./src/main.o
 .group         0x00000000        0x8 ./src/main.o
 .group         0x00000000        0x8 ./src/main.o
 .group         0x00000000        0x8 ./src/main.o
 .text          0x00000000        0x0 ./src/main.o
 .data          0x00000000        0x0 ./src/main.o
 .bss           0x00000000        0x0 ./src/main.o
 .debug_macro   0x00000000      0x85c ./src/main.o
 .debug_macro   0x00000000       0x1c ./src/main.o
 .debug_macro   0x00000000       0x2e ./src/main.o
 .debug_macro   0x00000000       0x10 ./src/main.o
 .debug_macro   0x00000000      0x122 ./src/main.o
 .debug_macro   0x00000000      0x5b9 ./src/main.o
 .debug_macro   0x00000000       0x18 ./src/main.o
 .debug_macro   0x00000000      0x7af ./src/main.o
 .debug_macro   0x00000000      0x2c7 ./src/main.o
 .debug_macro   0x00000000       0x34 ./src/main.o
 .debug_macro   0x00000000      0x5e5 ./src/main.o
 .debug_macro   0x00000000      0x2db ./src/main.o
 .group         0x00000000        0x8 ./src/tcpip.o
 .group         0x00000000        0x8 ./src/tcpip.o
 .group         0x00000000        0x8 ./src/tcpip.o
 .group         0x00000000        0x8 ./src/tcpip.o
 .group         0x00000000        0x8 ./src/tcpip.o
 .group         0x00000000        0x8 ./src/tcpip.o
 .group         0x00000000        0x8 ./src/tcpip.o
 .group         0x00000000        0x8 ./src/tcpip.o
 .group         0x00000000        0x8 ./src/tcpip.o
 .group         0x00000000        0x8 ./src/tcpip.o
 .group         0x00000000        0x8 ./src/tcpip.o
 .text          0x00000000        0x0 ./src/tcpip.o
 .data          0x00000000        0x0 ./src/tcpip.o
 .bss           0x00000000        0x0 ./src/tcpip.o
 .text.TCPActiveOpen
                0x00000000       0x58 ./src/tcpip.o
 .debug_macro   0x00000000      0x85c ./src/tcpip.o
 .debug_macro   0x00000000      0x2db ./src/tcpip.o
 .debug_macro   0x00000000      0x5e5 ./src/tcpip.o
 .debug_macro   0x00000000       0x1c ./src/tcpip.o
 .debug_macro   0x00000000       0x2e ./src/tcpip.o
 .debug_macro   0x00000000       0x10 ./src/tcpip.o
 .debug_macro   0x00000000      0x122 ./src/tcpip.o
 .debug_macro   0x00000000      0x5b9 ./src/tcpip.o
 .debug_macro   0x00000000       0x18 ./src/tcpip.o
 .debug_macro   0x00000000      0x7af ./src/tcpip.o
 .debug_macro   0x00000000      0x2c7 ./src/tcpip.o
 .group         0x00000000        0x8 /home/enrico/LPXworkspace/CMSISv2p00_LPC17xx/Debug/libCMSISv2p00_LPC17xx.a(system_LPC17xx.o)
 .group         0x00000000        0x8 /home/enrico/LPXworkspace/CMSISv2p00_LPC17xx/Debug/libCMSISv2p00_LPC17xx.a(system_LPC17xx.o)
 .group         0x00000000        0x8 /home/enrico/LPXworkspace/CMSISv2p00_LPC17xx/Debug/libCMSISv2p00_LPC17xx.a(system_LPC17xx.o)
 .group         0x00000000        0x8 /home/enrico/LPXworkspace/CMSISv2p00_LPC17xx/Debug/libCMSISv2p00_LPC17xx.a(system_LPC17xx.o)
 .group         0x00000000        0x8 /home/enrico/LPXworkspace/CMSISv2p00_LPC17xx/Debug/libCMSISv2p00_LPC17xx.a(system_LPC17xx.o)
 .group         0x00000000        0x8 /home/enrico/LPXworkspace/CMSISv2p00_LPC17xx/Debug/libCMSISv2p00_LPC17xx.a(system_LPC17xx.o)
 .group         0x00000000        0x8 /home/enrico/LPXworkspace/CMSISv2p00_LPC17xx/Debug/libCMSISv2p00_LPC17xx.a(system_LPC17xx.o)
 .group         0x00000000        0x8 /home/enrico/LPXworkspace/CMSISv2p00_LPC17xx/Debug/libCMSISv2p00_LPC17xx.a(system_LPC17xx.o)
 .group         0x00000000        0x8 /home/enrico/LPXworkspace/CMSISv2p00_LPC17xx/Debug/libCMSISv2p00_LPC17xx.a(system_LPC17xx.o)
 .text          0x00000000        0x0 /home/enrico/LPXworkspace/CMSISv2p00_LPC17xx/Debug/libCMSISv2p00_LPC17xx.a(system_LPC17xx.o)
 .data          0x00000000        0x0 /home/enrico/LPXworkspace/CMSISv2p00_LPC17xx/Debug/libCMSISv2p00_LPC17xx.a(system_LPC17xx.o)
 .bss           0x00000000        0x0 /home/enrico/LPXworkspace/CMSISv2p00_LPC17xx/Debug/libCMSISv2p00_LPC17xx.a(system_LPC17xx.o)
 .text.SystemCoreClockUpdate
                0x00000000       0xb0 /home/enrico/LPXworkspace/CMSISv2p00_LPC17xx/Debug/libCMSISv2p00_LPC17xx.a(system_LPC17xx.o)
 .debug_macro   0x00000000       0x10 /home/enrico/LPXworkspace/CMSISv2p00_LPC17xx/Debug/libCMSISv2p00_LPC17xx.a(system_LPC17xx.o)
 .debug_macro   0x00000000      0x122 /home/enrico/LPXworkspace/CMSISv2p00_LPC17xx/Debug/libCMSISv2p00_LPC17xx.a(system_LPC17xx.o)
 .debug_macro   0x00000000      0x5b9 /home/enrico/LPXworkspace/CMSISv2p00_LPC17xx/Debug/libCMSISv2p00_LPC17xx.a(system_LPC17xx.o)
 .debug_macro   0x00000000       0x1c /home/enrico/LPXworkspace/CMSISv2p00_LPC17xx/Debug/libCMSISv2p00_LPC17xx.a(system_LPC17xx.o)
 .debug_macro   0x00000000       0x2e /home/enrico/LPXworkspace/CMSISv2p00_LPC17xx/Debug/libCMSISv2p00_LPC17xx.a(system_LPC17xx.o)
 .debug_macro   0x00000000       0x18 /home/enrico/LPXworkspace/CMSISv2p00_LPC17xx/Debug/libCMSISv2p00_LPC17xx.a(system_LPC17xx.o)
 .debug_macro   0x00000000      0x7af /home/enrico/LPXworkspace/CMSISv2p00_LPC17xx/Debug/libCMSISv2p00_LPC17xx.a(system_LPC17xx.o)
 .debug_macro   0x00000000      0x2c7 /home/enrico/LPXworkspace/CMSISv2p00_LPC17xx/Debug/libCMSISv2p00_LPC17xx.a(system_LPC17xx.o)
 .text          0x00000000        0x0 /usr/local/lpcxpresso_7.0.2_102/lpcxpresso/tools/bin/../lib/gcc/arm-none-eabi/4.8.3/../../../../arm-none-eabi/lib/armv7-m/libcr_c.a(memcpy.o)
 .data          0x00000000        0x0 /usr/local/lpcxpresso_7.0.2_102/lpcxpresso/tools/bin/../lib/gcc/arm-none-eabi/4.8.3/../../../../arm-none-eabi/lib/armv7-m/libcr_c.a(memcpy.o)
 .bss           0x00000000        0x0 /usr/local/lpcxpresso_7.0.2_102/lpcxpresso/tools/bin/../lib/gcc/arm-none-eabi/4.8.3/../../../../arm-none-eabi/lib/armv7-m/libcr_c.a(memcpy.o)
 .text          0x00000000        0x0 /usr/local/lpcxpresso_7.0.2_102/lpcxpresso/tools/bin/../lib/gcc/arm-none-eabi/4.8.3/../../../../arm-none-eabi/lib/armv7-m/libcr_c.a(memset.o)
 .data          0x00000000        0x0 /usr/local/lpcxpresso_7.0.2_102/lpcxpresso/tools/bin/../lib/gcc/arm-none-eabi/4.8.3/../../../../arm-none-eabi/lib/armv7-m/libcr_c.a(memset.o)
 .bss           0x00000000        0x0 /usr/local/lpcxpresso_7.0.2_102/lpcxpresso/tools/bin/../lib/gcc/arm-none-eabi/4.8.3/../../../../arm-none-eabi/lib/armv7-m/libcr_c.a(memset.o)
 .text          0x00000000        0x0 /usr/local/lpcxpresso_7.0.2_102/lpcxpresso/tools/bin/../lib/gcc/arm-none-eabi/4.8.3/../../../../arm-none-eabi/lib/armv7-m/libcr_c.a(__weak__main.o)
 .data          0x00000000        0x0 /usr/local/lpcxpresso_7.0.2_102/lpcxpresso/tools/bin/../lib/gcc/arm-none-eabi/4.8.3/../../../../arm-none-eabi/lib/armv7-m/libcr_c.a(__weak__main.o)
 .bss           0x00000000        0x0 /usr/local/lpcxpresso_7.0.2_102/lpcxpresso/tools/bin/../lib/gcc/arm-none-eabi/4.8.3/../../../../arm-none-eabi/lib/armv7-m/libcr_c.a(__weak__main.o)
 .text          0x00000000        0x0 /usr/local/lpcxpresso_7.0.2_102/lpcxpresso/tools/bin/../lib/gcc/arm-none-eabi/4.8.3/../../../../arm-none-eabi/lib/armv7-m/libcr_c.a(memcmp.o)
 .data          0x00000000        0x0 /usr/local/lpcxpresso_7.0.2_102/lpcxpresso/tools/bin/../lib/gcc/arm-none-eabi/4.8.3/../../../../arm-none-eabi/lib/armv7-m/libcr_c.a(memcmp.o)
 .bss           0x00000000        0x0 /usr/local/lpcxpresso_7.0.2_102/lpcxpresso/tools/bin/../lib/gcc/arm-none-eabi/4.8.3/../../../../arm-none-eabi/lib/armv7-m/libcr_c.a(memcmp.o)
 .text          0x00000000        0x0 /usr/local/lpcxpresso_7.0.2_102/lpcxpresso/tools/bin/../lib/gcc/arm-none-eabi/4.8.3/../../../../arm-none-eabi/lib/armv7-m/libcr_c.a(strncpy.o)
 .data          0x00000000        0x0 /usr/local/lpcxpresso_7.0.2_102/lpcxpresso/tools/bin/../lib/gcc/arm-none-eabi/4.8.3/../../../../arm-none-eabi/lib/armv7-m/libcr_c.a(strncpy.o)
 .bss           0x00000000        0x0 /usr/local/lpcxpresso_7.0.2_102/lpcxpresso/tools/bin/../lib/gcc/arm-none-eabi/4.8.3/../../../../arm-none-eabi/lib/armv7-m/libcr_c.a(strncpy.o)
 .text          0x00000000        0x0 /usr/local/lpcxpresso_7.0.2_102/lpcxpresso/tools/bin/../lib/gcc/arm-none-eabi/4.8.3/armv7-m/libcr_eabihelpers.a(division_64.o)
 .data          0x00000000        0x0 /usr/local/lpcxpresso_7.0.2_102/lpcxpresso/tools/bin/../lib/gcc/arm-none-eabi/4.8.3/armv7-m/libcr_eabihelpers.a(division_64.o)
 .bss           0x00000000        0x0 /usr/local/lpcxpresso_7.0.2_102/lpcxpresso/tools/bin/../lib/gcc/arm-none-eabi/4.8.3/armv7-m/libcr_eabihelpers.a(division_64.o)
 .text.__aeabi_division_ldivmod
                0x00000000       0x26 /usr/local/lpcxpresso_7.0.2_102/lpcxpresso/tools/bin/../lib/gcc/arm-none-eabi/4.8.3/armv7-m/libcr_eabihelpers.a(division_64.o)
 .text.__aeabi_division_uldivmod
                0x00000000      0x188 /usr/local/lpcxpresso_7.0.2_102/lpcxpresso/tools/bin/../lib/gcc/arm-none-eabi/4.8.3/armv7-m/libcr_eabihelpers.a(division_64.o)
 .ARM.attributes
                0x00000000       0x21 /usr/local/lpcxpresso_7.0.2_102/lpcxpresso/tools/bin/../lib/gcc/arm-none-eabi/4.8.3/armv7-m/libcr_eabihelpers.a(division_64.o)
 .text          0x00000000        0x0 /usr/local/lpcxpresso_7.0.2_102/lpcxpresso/tools/bin/../lib/gcc/arm-none-eabi/4.8.3/armv7-m/libcr_eabihelpers.a(division_idiv0.o)
 .data          0x00000000        0x0 /usr/local/lpcxpresso_7.0.2_102/lpcxpresso/tools/bin/../lib/gcc/arm-none-eabi/4.8.3/armv7-m/libcr_eabihelpers.a(division_idiv0.o)
 .bss           0x00000000        0x0 /usr/local/lpcxpresso_7.0.2_102/lpcxpresso/tools/bin/../lib/gcc/arm-none-eabi/4.8.3/armv7-m/libcr_eabihelpers.a(division_idiv0.o)
 .text.__aeabi_division_idiv0
                0x00000000        0x2 /usr/local/lpcxpresso_7.0.2_102/lpcxpresso/tools/bin/../lib/gcc/arm-none-eabi/4.8.3/armv7-m/libcr_eabihelpers.a(division_idiv0.o)
 .ARM.attributes
                0x00000000       0x21 /usr/local/lpcxpresso_7.0.2_102/lpcxpresso/tools/bin/../lib/gcc/arm-none-eabi/4.8.3/armv7-m/libcr_eabihelpers.a(division_idiv0.o)
 .text          0x00000000        0x0 /usr/local/lpcxpresso_7.0.2_102/lpcxpresso/tools/bin/../lib/gcc/arm-none-eabi/4.8.3/armv7-m/libcr_eabihelpers.a(memcpy.o)
 .data          0x00000000        0x0 /usr/local/lpcxpresso_7.0.2_102/lpcxpresso/tools/bin/../lib/gcc/arm-none-eabi/4.8.3/armv7-m/libcr_eabihelpers.a(memcpy.o)
 .bss           0x00000000        0x0 /usr/local/lpcxpresso_7.0.2_102/lpcxpresso/tools/bin/../lib/gcc/arm-none-eabi/4.8.3/armv7-m/libcr_eabihelpers.a(memcpy.o)
 .text.__aeabi_memmove
                0x00000000       0x1e /usr/local/lpcxpresso_7.0.2_102/lpcxpresso/tools/bin/../lib/gcc/arm-none-eabi/4.8.3/armv7-m/libcr_eabihelpers.a(memcpy.o)
 .text.__aeabi_memclr
                0x00000000        0x8 /usr/local/lpcxpresso_7.0.2_102/lpcxpresso/tools/bin/../lib/gcc/arm-none-eabi/4.8.3/armv7-m/libcr_eabihelpers.a(memcpy.o)
 .text.__aeabi_memset
                0x00000000        0xa /usr/local/lpcxpresso_7.0.2_102/lpcxpresso/tools/bin/../lib/gcc/arm-none-eabi/4.8.3/armv7-m/libcr_eabihelpers.a(memcpy.o)

Memory Configuration

Name             Origin             Length             Attributes
MFlash512        0x00000000         0x00080000         xr
RamLoc32         0x10000000         0x00008000         xrw
RamAHB32         0x2007c000         0x00008000         xrw
*default*        0x00000000         0xffffffff

Linker script and memory map

LOAD ./src/cr_startup_lpc175x_6x.o
LOAD ./src/crp.o
LOAD ./src/ethmac.o
LOAD ./src/ew_systick.o
LOAD ./src/lpc1768.o
LOAD ./src/main.o
LOAD ./src/tcpip.o
LOAD /home/enrico/LPXworkspace/CMSISv2p00_LPC17xx/Debug/libCMSISv2p00_LPC17xx.a
START GROUP
LOAD /usr/local/lpcxpresso_7.0.2_102/lpcxpresso/tools/bin/../lib/gcc/arm-none-eabi/4.8.3/../../../../arm-none-eabi/lib/armv7-m/libcr_c.a
LOAD /usr/local/lpcxpresso_7.0.2_102/lpcxpresso/tools/bin/../lib/gcc/arm-none-eabi/4.8.3/armv7-m/libcr_eabihelpers.a
END GROUP
                0x00080000                __top_MFlash512 = 0x80000
                0x10008000                __top_RamLoc32 = 0x10008000
                0x20084000                __top_RamAHB32 = 0x20084000

.text           0x00000000     0x3484
 FILL mask 0xff
                0x00000000                __vectors_start__ = ABSOLUTE (.)
 *(.isr_vector)
 .isr_vector    0x00000000       0xcc ./src/cr_startup_lpc175x_6x.o
                0x00000000                g_pfnVectors
                0x000000cc                . = ALIGN (0x4)
                0x000000cc                __section_table_start = .
                0x000000cc                __data_section_table = .
                0x000000cc        0x4 LONG 0x3484 LOADADDR (.data)
                0x000000d0        0x4 LONG 0x10000000 ADDR (.data)
                0x000000d4        0x4 LONG 0x60 SIZEOF (.data)
                0x000000d8        0x4 LONG 0x3484 LOADADDR (.data_RAM2)
                0x000000dc        0x4 LONG 0x2007c000 ADDR (.data_RAM2)
                0x000000e0        0x4 LONG 0x0 SIZEOF (.data_RAM2)
                0x000000e4                __data_section_table_end = .
                0x000000e4                __bss_section_table = .
                0x000000e4        0x4 LONG 0x10000060 ADDR (.bss)
                0x000000e8        0x4 LONG 0x2b48 SIZEOF (.bss)
                0x000000ec        0x4 LONG 0x2007c000 ADDR (.bss_RAM2)
                0x000000f0        0x4 LONG 0x0 SIZEOF (.bss_RAM2)
                0x000000f4                __bss_section_table_end = .
                0x000000f4                __section_table_end = .
 *(.after_vectors*)
 .after_vectors
                0x000000f4       0x78 ./src/cr_startup_lpc175x_6x.o
                0x000000f4                NMI_Handler
                0x000000f6                HardFault_Handler
                0x000000f8                MemManage_Handler
                0x000000fa                BusFault_Handler
                0x000000fc                UsageFault_Handler
                0x000000fe                SVC_Handler
                0x00000100                DebugMon_Handler
                0x00000102                PendSV_Handler
                0x00000106                TIMER2_IRQHandler
                0x00000106                RIT_IRQHandler
                0x00000106                I2C0_IRQHandler
                0x00000106                USBActivity_IRQHandler
                0x00000106                PWM1_IRQHandler
                0x00000106                I2C1_IRQHandler
                0x00000106                EINT2_IRQHandler
                0x00000106                UART1_IRQHandler
                0x00000106                EINT3_IRQHandler
                0x00000106                CANActivity_IRQHandler
                0x00000106                TIMER3_IRQHandler
                0x00000106                UART0_IRQHandler
                0x00000106                IntDefaultHandler
                0x00000106                PLL0_IRQHandler
                0x00000106                CAN_IRQHandler
                0x00000106                PLL1_IRQHandler
                0x00000106                SSP0_IRQHandler
                0x00000106                I2S_IRQHandler
                0x00000106                I2C2_IRQHandler
                0x00000106                RTC_IRQHandler
                0x00000106                TIMER0_IRQHandler
                0x00000106                SPI_IRQHandler
                0x00000106                EINT1_IRQHandler
                0x00000106                TIMER1_IRQHandler
                0x00000106                UART2_IRQHandler
                0x00000106                ADC_IRQHandler
                0x00000106                SSP1_IRQHandler
                0x00000106                USB_IRQHandler
                0x00000106                BOD_IRQHandler
                0x00000106                WDT_IRQHandler
                0x00000106                QEI_IRQHandler
                0x00000106                EINT0_IRQHandler
                0x00000106                DMA_IRQHandler
                0x00000106                UART3_IRQHandler
                0x00000106                MCPWM_IRQHandler
                0x00000106                ENET_IRQHandler
                0x00000108                data_init
                0x0000011a                bss_init
                0x0000012a                ResetISR
 *(.text*)
 .text.WriteToPHY
                0x0000016c       0x4c ./src/ethmac.o
                0x0000016c                WriteToPHY
 .text.ReadFromPHY
                0x000001b8       0x60 ./src/ethmac.o
                0x000001b8                ReadFromPHY
 .text.Init_EthMAC
                0x00000218      0x3a4 ./src/ethmac.o
                0x00000218                Init_EthMAC
 .text.WriteFrame_EthMAC
                0x000005bc       0x28 ./src/ethmac.o
                0x000005bc                WriteFrame_EthMAC
 .text.CopyToFrame_EthMAC
                0x000005e4       0x60 ./src/ethmac.o
                0x000005e4                CopyToFrame_EthMAC
 .text.ReadFrame_EthMAC
                0x00000644       0x20 ./src/ethmac.o
                0x00000644                ReadFrame_EthMAC
 .text.ReadFrameBE_EthMAC
                0x00000664       0x2c ./src/ethmac.o
                0x00000664                ReadFrameBE_EthMAC
 .text.CopyFromFrame_EthMAC
                0x00000690       0x44 ./src/ethmac.o
                0x00000690                CopyFromFrame_EthMAC
 .text.DummyReadFrame_EthMAC
                0x000006d4       0x24 ./src/ethmac.o
                0x000006d4                DummyReadFrame_EthMAC
 .text.RequestSend
                0x000006f8       0x4c ./src/ethmac.o
                0x000006f8                RequestSend
 .text.Rdy4Tx   0x00000744       0x10 ./src/ethmac.o
                0x00000744                Rdy4Tx
 .text.StartReadingFrame
                0x00000754       0x50 ./src/ethmac.o
                0x00000754                StartReadingFrame
 .text.StopReadingFrame
                0x000007a4       0x34 ./src/ethmac.o
                0x000007a4                StopReadingFrame
 .text.CheckIfFrameReceived
                0x000007d8       0x28 ./src/ethmac.o
                0x000007d8                CheckIfFrameReceived
 .text.NVIC_SetPriority
                0x00000800       0x54 ./src/ew_systick.o
 .text.SysTick_Config
                0x00000854       0x44 ./src/ew_systick.o
 .text.SysTick_Handler
                0x00000898       0x44 ./src/ew_systick.o
                0x00000898                SysTick_Handler
 .text.Start_SysTick10ms
                0x000008dc       0x28 ./src/ew_systick.o
                0x000008dc                Start_SysTick10ms
 .text.LED_On   0x00000904       0x2c ./src/main.o
                0x00000904                LED_On
 .text.LED_Off  0x00000930       0x30 ./src/main.o
                0x00000930                LED_Off
 .text.main     0x00000960       0xe4 ./src/main.o
                0x00000960                main
 .text.HTTPServer
                0x00000a44      0x140 ./src/main.o
                0x00000a44                HTTPServer
 .text.PW_search
                0x00000b84       0xc0 ./src/main.o
                0x00000b84                PW_search
 .text.SOUND_action
                0x00000c44       0x90 ./src/main.o
                0x00000c44                SOUND_action
 .text.LED_action
                0x00000cd4       0xd4 ./src/main.o
                0x00000cd4                LED_action
 .text.logout   0x00000da8       0x6c ./src/main.o
                0x00000da8                logout
 .text.gestisci_richiesta
                0x00000e14      0x1cc ./src/main.o
                0x00000e14                gestisci_richiesta
 .text.TCPLowLevelInit
                0x00000fe0       0x38 ./src/tcpip.o
                0x00000fe0                TCPLowLevelInit
 .text.TCPPassiveOpen
                0x00001018       0x3c ./src/tcpip.o
                0x00001018                TCPPassiveOpen
 .text.TCPClose
                0x00001054       0x5c ./src/tcpip.o
                0x00001054                TCPClose
 .text.TCPReleaseRxBuffer
                0x000010b0       0x20 ./src/tcpip.o
                0x000010b0                TCPReleaseRxBuffer
 .text.TCPTransmitTxBuffer
                0x000010d0       0x80 ./src/tcpip.o
                0x000010d0                TCPTransmitTxBuffer
 .text.BroadcastMessage
                0x00001150       0x58 ./src/tcpip.o
                0x00001150                BroadcastMessage
 .text.DoNetworkStuff
                0x000011a8      0x274 ./src/tcpip.o
                0x000011a8                DoNetworkStuff
 .text.ProcessEthBroadcastFrame
                0x0000141c       0x88 ./src/tcpip.o
                0x0000141c                ProcessEthBroadcastFrame
 .text.ProcessEthIAFrame
                0x000014a4      0x10c ./src/tcpip.o
                0x000014a4                ProcessEthIAFrame
 .text.ProcessICMPFrame
                0x000015b0       0x28 ./src/tcpip.o
                0x000015b0                ProcessICMPFrame
 .text.ProcessTCPFrame
                0x000015d8      0x4ec ./src/tcpip.o
                0x000015d8                ProcessTCPFrame
 .text.PrepareARP_REQUEST
                0x00001ac4       0xec ./src/tcpip.o
                0x00001ac4                PrepareARP_REQUEST
 .text.PrepareARP_ANSWER
                0x00001bb0       0xac ./src/tcpip.o
                0x00001bb0                PrepareARP_ANSWER
 .text.PrepareICMP_ECHO_REPLY
                0x00001c5c      0x114 ./src/tcpip.o
                0x00001c5c                PrepareICMP_ECHO_REPLY
 .text.PrepareTCP_FRAME
                0x00001d70      0x1a0 ./src/tcpip.o
                0x00001d70                PrepareTCP_FRAME
 .text.PrepareTCP_DATA_FRAME
                0x00001f10      0x128 ./src/tcpip.o
                0x00001f10                PrepareTCP_DATA_FRAME
 .text.CalcChecksum
                0x00002038       0xbc ./src/tcpip.o
                0x00002038                CalcChecksum
 .text.TCPStartRetryTimer
                0x000020f4       0x40 ./src/tcpip.o
                0x000020f4                TCPStartRetryTimer
 .text.TCPStartTimeWaitTimer
                0x00002134       0x38 ./src/tcpip.o
                0x00002134                TCPStartTimeWaitTimer
 .text.TCPRestartTimer
                0x0000216c       0x18 ./src/tcpip.o
                0x0000216c                TCPRestartTimer
 .text.TCPStopTimer
                0x00002184       0x20 ./src/tcpip.o
                0x00002184                TCPStopTimer
 .text.TCPHandleRetransmission
                0x000021a4       0x60 ./src/tcpip.o
                0x000021a4                TCPHandleRetransmission
 .text.TCPHandleTimeout
                0x00002204       0x40 ./src/tcpip.o
                0x00002204                TCPHandleTimeout
 .text.TCPClockHandler
                0x00002244       0x2c ./src/tcpip.o
                0x00002244                TCPClockHandler
 .text.SendFrame1
                0x00002270       0x1c ./src/tcpip.o
                0x00002270                SendFrame1
 .text.SendFrame2
                0x0000228c       0x1c ./src/tcpip.o
                0x0000228c                SendFrame2
 .text.WriteWBE
                0x000022a8       0x30 ./src/tcpip.o
                0x000022a8                WriteWBE
 .text.WriteDWBE
                0x000022d8       0x48 ./src/tcpip.o
                0x000022d8                WriteDWBE
 .text.SwapBytes
                0x00002320       0x2c ./src/tcpip.o
                0x00002320                SwapBytes
 .text.SystemInit
                0x0000234c       0xe0 /home/enrico/LPXworkspace/CMSISv2p00_LPC17xx/Debug/libCMSISv2p00_LPC17xx.a(system_LPC17xx.o)
                0x0000234c                SystemInit
 .text.memcpy   0x0000242c        0x4 /usr/local/lpcxpresso_7.0.2_102/lpcxpresso/tools/bin/../lib/gcc/arm-none-eabi/4.8.3/../../../../arm-none-eabi/lib/armv7-m/libcr_c.a(memcpy.o)
                0x0000242c                memcpy
 .text.memset   0x00002430        0x4 /usr/local/lpcxpresso_7.0.2_102/lpcxpresso/tools/bin/../lib/gcc/arm-none-eabi/4.8.3/../../../../arm-none-eabi/lib/armv7-m/libcr_c.a(memset.o)
                0x00002430                memset
 .text.__weak_main
                0x00002434        0x4 /usr/local/lpcxpresso_7.0.2_102/lpcxpresso/tools/bin/../lib/gcc/arm-none-eabi/4.8.3/../../../../arm-none-eabi/lib/armv7-m/libcr_c.a(__weak__main.o)
                0x00002434                __main
                0x00002434                __weak_main
 .text.memcmp   0x00002438       0x44 /usr/local/lpcxpresso_7.0.2_102/lpcxpresso/tools/bin/../lib/gcc/arm-none-eabi/4.8.3/../../../../arm-none-eabi/lib/armv7-m/libcr_c.a(memcmp.o)
                0x00002438                memcmp
 .text.strncpy  0x0000247c       0x58 /usr/local/lpcxpresso_7.0.2_102/lpcxpresso/tools/bin/../lib/gcc/arm-none-eabi/4.8.3/../../../../arm-none-eabi/lib/armv7-m/libcr_c.a(strncpy.o)
                0x0000247c                strncpy
 .text.__aeabi_memcpy
                0x000024d4       0x2a /usr/local/lpcxpresso_7.0.2_102/lpcxpresso/tools/bin/../lib/gcc/arm-none-eabi/4.8.3/armv7-m/libcr_eabihelpers.a(memcpy.o)
                0x000024d4                __aeabi_memcpy
                0x000024d4                __aeabi_memcpy4
                0x000024d4                __aeabi_memcpy8
 .text.__aeabi_memset_lowlevel
                0x000024fe       0x2c /usr/local/lpcxpresso_7.0.2_102/lpcxpresso/tools/bin/../lib/gcc/arm-none-eabi/4.8.3/armv7-m/libcr_eabihelpers.a(memcpy.o)
                0x000024fe                __aeabi_lowlevel_memset
 *(.rodata .rodata.* .constdata .constdata.*)
 *fill*         0x0000252a        0x2 
 .rodata.GetResponse
                0x0000252c       0x30 ./src/main.o
                0x0000252c                GetResponse
 .rodata.MyIP   0x0000255c        0x4 ./src/main.o
                0x0000255c                MyIP
 .rodata.SubnetMask
                0x00002560        0x4 ./src/main.o
                0x00002560                SubnetMask
 .rodata.GatewayIP
                0x00002564        0x4 ./src/main.o
                0x00002564                GatewayIP
 .rodata.WebSide_senza_password
                0x00002568      0x4dc ./src/main.o
                0x00002568                WebSide_senza_password
 .rodata.WebSide_con_password
                0x00002a44      0xa0c ./src/main.o
                0x00002a44                WebSide_con_password
 .rodata.led_mask
                0x00003450       0x20 ./src/main.o
                0x00003450                led_mask
 .rodata        0x00003470        0xc ./src/main.o
 .rodata.MyMAC  0x0000347c        0x8 ./src/tcpip.o
                0x0000347c                MyMAC
                0x00003484                . = ALIGN (0x4)

.glue_7         0x00003484        0x0
 .glue_7        0x00000000        0x0 linker stubs

.glue_7t        0x00003484        0x0
 .glue_7t       0x00000000        0x0 linker stubs

.vfp11_veneer   0x00003484        0x0
 .vfp11_veneer  0x00000000        0x0 linker stubs

.v4_bx          0x00003484        0x0
 .v4_bx         0x00000000        0x0 linker stubs

.iplt           0x00003484        0x0
 .iplt          0x00000000        0x0 ./src/cr_startup_lpc175x_6x.o

.rel.dyn        0x00003484        0x0
 .rel.iplt      0x00000000        0x0 ./src/cr_startup_lpc175x_6x.o

.ARM.extab
 *(.ARM.extab* .gnu.linkonce.armextab.*)
                0x00003484                __exidx_start = .

.ARM.exidx
 *(.ARM.exidx* .gnu.linkonce.armexidx.*)
                0x00003484                __exidx_end = .
                0x00003484                _etext = .

.data_RAM2      0x2007c000        0x0 load address 0x00003484
 FILL mask 0xff
 *(.ramfunc.$RAM2)
 *(.data.$RAM2*)
 *(.data.$RamAHB32*)
                0x2007c000                . = ALIGN (0x4)

.uninit_RESERVED
                0x10000000        0x0
 *(.bss.$RESERVED*)
                0x10000000                . = ALIGN (0x4)
                0x10000000                _end_uninit_RESERVED = .

.data           0x10000000       0x60 load address 0x00003484
 FILL mask 0xff
                0x10000000                _data = .
 *(vtable)
 *(.ramfunc*)
 *(.data*)
 .data.GusSinTable
                0x10000000       0x5c ./src/main.o
                0x10000000                GusSinTable
 .data.SystemCoreClock
                0x1000005c        0x4 /home/enrico/LPXworkspace/CMSISv2p00_LPC17xx/Debug/libCMSISv2p00_LPC17xx.a(system_LPC17xx.o)
                0x1000005c                SystemCoreClock
                0x10000060                . = ALIGN (0x4)
                0x10000060                _edata = .

.igot.plt       0x10000060        0x0 load address 0x000034e4
 .igot.plt      0x00000000        0x0 ./src/cr_startup_lpc175x_6x.o

.bss_RAM2       0x2007c000        0x0
 *(.bss.$RAM2*)
 *(.bss.$RamAHB32*)
                0x2007c000                . = ALIGN (0x4)

.bss            0x10000060     0x2b48
                0x10000060                _bss = .
 *(.bss*)
 .bss.rxptr     0x10000060        0x4 ./src/ethmac.o
 .bss.txptr     0x10000064        0x4 ./src/ethmac.o
 .bss.TimeTick  0x10000068        0x4 ./src/ew_systick.o
                0x10000068                TimeTick
 .bss.TimeTick2
                0x1000006c        0x4 ./src/ew_systick.o
                0x1000006c                TimeTick2
 .bss.pw_flag   0x10000070        0x4 ./src/main.o
                0x10000070                pw_flag
 .bss.led_flag  0x10000074       0x1c ./src/main.o
                0x10000074                led_flag
 .bss.logout_flag
                0x10000090        0x4 ./src/main.o
                0x10000090                logout_flag
 *(COMMON)
 COMMON         0x10000094     0x2b11 ./src/main.o
                0x10000094                TCPTimer
                0x10000098                HTTPBytesToSend
                0x1000009c                TCPRxDataCount
                0x1000009e                HTTPStatus
                0x100000a0                TCPTxDataCount
                0x100000a4                RecdFrameIP
                0x100000a8                RemoteMAC
                0x100000ae                TCPStateMachine
                0x100000b0                TCPUNASeqNr
                0x100000b4                TCPLocalPort
                0x100000b8                _RxTCPBuffer
                0x100001b8                TCPFlags
                0x100001bc                WebSide
                0x100028cc                RecdFrameMAC
                0x100028d2                RecdIPFrameLength
                0x100028d4                PWebSide
                0x100028d8                RemoteIP
                0x100028dc                LastFrameSent
                0x100028de                TCPRemotePort
                0x100028e0                TxFrame2Size
                0x100028e4                TCPAckNr
                0x100028e8                TransmitControl
                0x100028ea                TxFrame1Size
                0x100028ec                ISNGenHigh
                0x100028f0                _TxFrame2
                0x1000293a                RecdFrameLength
                0x1000293c                _TxFrame1
                0x10002b74                TCPSeqNr
                0x10002b78                RetryCounter
                0x10002b7c                __Ciob
                0x10002ba4                SocketStatus
                0x10002ba8                . = ALIGN (0x4)
 *fill*         0x10002ba5        0x3 
                0x10002ba8                _ebss = .
                0x10002ba8                PROVIDE (end, .)

.noinit_RAM2    0x2007c000        0x0
 *(.noinit.$RAM2*)
 *(.noinit.$RamAHB32*)
                0x2007c000                . = ALIGN (0x4)

.noinit         0x10002ba8        0x0
                0x10002ba8                _noinit = .
 *(.noinit*)
                0x10002ba8                . = ALIGN (0x4)
                0x10002ba8                _end_noinit = .
                0x10002ba8                PROVIDE (_pvHeapStart, .)
                0x10008000                PROVIDE (_vStackTop, (__top_RamLoc32 - 0x0))
OUTPUT(EasyWeb.axf elf32-littlearm)

.debug_info     0x00000000     0x2a4d
 .debug_info    0x00000000      0x27f ./src/cr_startup_lpc175x_6x.o
 .debug_info    0x0000027f      0xa98 ./src/ethmac.o
 .debug_info    0x00000d17      0x55b ./src/ew_systick.o
 .debug_info    0x00001272      0xbe6 ./src/main.o
 .debug_info    0x00001e58      0x8dd ./src/tcpip.o
 .debug_info    0x00002735      0x318 /home/enrico/LPXworkspace/CMSISv2p00_LPC17xx/Debug/libCMSISv2p00_LPC17xx.a(system_LPC17xx.o)

.debug_abbrev   0x00000000      0xa6e
 .debug_abbrev  0x00000000      0x120 ./src/cr_startup_lpc175x_6x.o
 .debug_abbrev  0x00000120      0x242 ./src/ethmac.o
 .debug_abbrev  0x00000362      0x186 ./src/ew_systick.o
 .debug_abbrev  0x000004e8      0x235 ./src/main.o
 .debug_abbrev  0x0000071d      0x26b ./src/tcpip.o
 .debug_abbrev  0x00000988       0xe6 /home/enrico/LPXworkspace/CMSISv2p00_LPC17xx/Debug/libCMSISv2p00_LPC17xx.a(system_LPC17xx.o)

.debug_loc      0x00000000      0x15f
 .debug_loc     0x00000000      0x15f ./src/cr_startup_lpc175x_6x.o

.debug_aranges  0x00000000      0x2d0
 .debug_aranges
                0x00000000       0x80 ./src/cr_startup_lpc175x_6x.o
 .debug_aranges
                0x00000080       0x88 ./src/ethmac.o
 .debug_aranges
                0x00000108       0x38 ./src/ew_systick.o
 .debug_aranges
                0x00000140       0x60 ./src/main.o
 .debug_aranges
                0x000001a0      0x108 ./src/tcpip.o
 .debug_aranges
                0x000002a8       0x28 /home/enrico/LPXworkspace/CMSISv2p00_LPC17xx/Debug/libCMSISv2p00_LPC17xx.a(system_LPC17xx.o)

.debug_ranges   0x00000000      0x288
 .debug_ranges  0x00000000       0x70 ./src/cr_startup_lpc175x_6x.o
 .debug_ranges  0x00000070       0x78 ./src/ethmac.o
 .debug_ranges  0x000000e8       0x28 ./src/ew_systick.o
 .debug_ranges  0x00000110       0x50 ./src/main.o
 .debug_ranges  0x00000160      0x110 ./src/tcpip.o
 .debug_ranges  0x00000270       0x18 /home/enrico/LPXworkspace/CMSISv2p00_LPC17xx/Debug/libCMSISv2p00_LPC17xx.a(system_LPC17xx.o)

.debug_macro    0x00000000     0x3024
 .debug_macro   0x00000000       0x1d ./src/cr_startup_lpc175x_6x.o
 .debug_macro   0x0000001d      0x862 ./src/cr_startup_lpc175x_6x.o
 .debug_macro   0x0000087f       0x9f ./src/ethmac.o
 .debug_macro   0x0000091e      0x5e5 ./src/ethmac.o
 .debug_macro   0x00000f03      0x2db ./src/ethmac.o
 .debug_macro   0x000011de       0x1c ./src/ethmac.o
 .debug_macro   0x000011fa       0x2e ./src/ethmac.o
 .debug_macro   0x00001228       0x10 ./src/ethmac.o
 .debug_macro   0x00001238      0x122 ./src/ethmac.o
 .debug_macro   0x0000135a      0x5b9 ./src/ethmac.o
 .debug_macro   0x00001913       0x18 ./src/ethmac.o
 .debug_macro   0x0000192b      0x7af ./src/ethmac.o
 .debug_macro   0x000020da      0x2c7 ./src/ethmac.o
 .debug_macro   0x000023a1       0x75 ./src/ew_systick.o
 .debug_macro   0x00002416       0xf0 ./src/main.o
 .debug_macro   0x00002506       0x76 ./src/main.o
 .debug_macro   0x0000257c       0xa0 ./src/main.o
 .debug_macro   0x0000261c       0x87 ./src/tcpip.o
 .debug_macro   0x000026a3      0x12b /home/enrico/LPXworkspace/CMSISv2p00_LPC17xx/Debug/libCMSISv2p00_LPC17xx.a(system_LPC17xx.o)
 .debug_macro   0x000027ce      0x856 /home/enrico/LPXworkspace/CMSISv2p00_LPC17xx/Debug/libCMSISv2p00_LPC17xx.a(system_LPC17xx.o)

.debug_line     0x00000000     0x1226
 .debug_line    0x00000000       0x9d ./src/cr_startup_lpc175x_6x.o
 .debug_line    0x0000009d      0x393 ./src/ethmac.o
 .debug_line    0x00000430      0x1e0 ./src/ew_systick.o
 .debug_line    0x00000610      0x489 ./src/main.o
 .debug_line    0x00000a99      0x5ad ./src/tcpip.o
 .debug_line    0x00001046      0x1e0 /home/enrico/LPXworkspace/CMSISv2p00_LPC17xx/Debug/libCMSISv2p00_LPC17xx.a(system_LPC17xx.o)

.debug_str      0x00000000     0xb984
 .debug_str     0x00000000     0x25bf ./src/cr_startup_lpc175x_6x.o
                               0x25d2 (size before relaxing)
 .debug_str     0x000025bf     0x7dfc ./src/ethmac.o
                               0xa1c6 (size before relaxing)
 .debug_str     0x0000a3bb      0x312 ./src/ew_systick.o
                               0x7f57 (size before relaxing)
 .debug_str     0x0000a6cd      0xc2a ./src/main.o
                               0xa965 (size before relaxing)
 .debug_str     0x0000b2f7      0x2d4 ./src/tcpip.o
                               0xa0fe (size before relaxing)
 .debug_str     0x0000b5cb      0x3b9 /home/enrico/LPXworkspace/CMSISv2p00_LPC17xx/Debug/libCMSISv2p00_LPC17xx.a(system_LPC17xx.o)
                               0x801e (size before relaxing)

.comment        0x00000000       0x70
 .comment       0x00000000       0x70 ./src/cr_startup_lpc175x_6x.o
                                 0x71 (size before relaxing)
 .comment       0x00000000       0x71 ./src/ethmac.o
 .comment       0x00000000       0x71 ./src/ew_systick.o
 .comment       0x00000000       0x71 ./src/main.o
 .comment       0x00000000       0x71 ./src/tcpip.o
 .comment       0x00000000       0x71 /home/enrico/LPXworkspace/CMSISv2p00_LPC17xx/Debug/libCMSISv2p00_LPC17xx.a(system_LPC17xx.o)
 .comment       0x00000000       0x71 /usr/local/lpcxpresso_7.0.2_102/lpcxpresso/tools/bin/../lib/gcc/arm-none-eabi/4.8.3/../../../../arm-none-eabi/lib/armv7-m/libcr_c.a(memcpy.o)
 .comment       0x00000000       0x71 /usr/local/lpcxpresso_7.0.2_102/lpcxpresso/tools/bin/../lib/gcc/arm-none-eabi/4.8.3/../../../../arm-none-eabi/lib/armv7-m/libcr_c.a(memset.o)
 .comment       0x00000000       0x71 /usr/local/lpcxpresso_7.0.2_102/lpcxpresso/tools/bin/../lib/gcc/arm-none-eabi/4.8.3/../../../../arm-none-eabi/lib/armv7-m/libcr_c.a(__weak__main.o)
 .comment       0x00000000       0x71 /usr/local/lpcxpresso_7.0.2_102/lpcxpresso/tools/bin/../lib/gcc/arm-none-eabi/4.8.3/../../../../arm-none-eabi/lib/armv7-m/libcr_c.a(memcmp.o)
 .comment       0x00000000       0x71 /usr/local/lpcxpresso_7.0.2_102/lpcxpresso/tools/bin/../lib/gcc/arm-none-eabi/4.8.3/../../../../arm-none-eabi/lib/armv7-m/libcr_c.a(strncpy.o)

.ARM.attributes
                0x00000000       0x31
 .ARM.attributes
                0x00000000       0x33 ./src/cr_startup_lpc175x_6x.o
 .ARM.attributes
                0x00000033       0x33 ./src/ethmac.o
 .ARM.attributes
                0x00000066       0x33 ./src/ew_systick.o
 .ARM.attributes
                0x00000099       0x33 ./src/main.o
 .ARM.attributes
                0x000000cc       0x33 ./src/tcpip.o
 .ARM.attributes
                0x000000ff       0x33 /home/enrico/LPXworkspace/CMSISv2p00_LPC17xx/Debug/libCMSISv2p00_LPC17xx.a(system_LPC17xx.o)
 .ARM.attributes
                0x00000132       0x33 /usr/local/lpcxpresso_7.0.2_102/lpcxpresso/tools/bin/../lib/gcc/arm-none-eabi/4.8.3/../../../../arm-none-eabi/lib/armv7-m/libcr_c.a(memcpy.o)
 .ARM.attributes
                0x00000165       0x33 /usr/local/lpcxpresso_7.0.2_102/lpcxpresso/tools/bin/../lib/gcc/arm-none-eabi/4.8.3/../../../../arm-none-eabi/lib/armv7-m/libcr_c.a(memset.o)
 .ARM.attributes
                0x00000198       0x33 /usr/local/lpcxpresso_7.0.2_102/lpcxpresso/tools/bin/../lib/gcc/arm-none-eabi/4.8.3/../../../../arm-none-eabi/lib/armv7-m/libcr_c.a(__weak__main.o)
 .ARM.attributes
                0x000001cb       0x33 /usr/local/lpcxpresso_7.0.2_102/lpcxpresso/tools/bin/../lib/gcc/arm-none-eabi/4.8.3/../../../../arm-none-eabi/lib/armv7-m/libcr_c.a(memcmp.o)
 .ARM.attributes
                0x000001fe       0x33 /usr/local/lpcxpresso_7.0.2_102/lpcxpresso/tools/bin/../lib/gcc/arm-none-eabi/4.8.3/../../../../arm-none-eabi/lib/armv7-m/libcr_c.a(strncpy.o)
 .ARM.attributes
                0x00000231       0x21 /usr/local/lpcxpresso_7.0.2_102/lpcxpresso/tools/bin/../lib/gcc/arm-none-eabi/4.8.3/armv7-m/libcr_eabihelpers.a(memcpy.o)

.debug_frame    0x00000000      0x7bc
 .debug_frame   0x00000000       0xf0 ./src/cr_startup_lpc175x_6x.o
 .debug_frame   0x000000f0      0x1a0 ./src/ethmac.o
 .debug_frame   0x00000290       0x84 ./src/ew_systick.o
 .debug_frame   0x00000314      0x118 ./src/main.o
 .debug_frame   0x0000042c      0x354 ./src/tcpip.o
 .debug_frame   0x00000780       0x3c /home/enrico/LPXworkspace/CMSISv2p00_LPC17xx/Debug/libCMSISv2p00_LPC17xx.a(system_LPC17xx.o)
