Archive member included because of file (symbol)

/home/enrico/LPXworkspace/CMSISv2p00_LPC17xx/Debug/libCMSISv2p00_LPC17xx.a(system_LPC17xx.o)
                              ./src/cr_startup_lpc175x_6x.o (SystemInit)
/usr/local/lpcxpresso_7.0.2_102/lpcxpresso/tools/bin/../lib/gcc/arm-none-eabi/4.8.3/../../../../arm-none-eabi/lib/armv7-m/libcr_c.a(memcpy.o)
                              ./src/main.o (memcpy)
/usr/local/lpcxpresso_7.0.2_102/lpcxpresso/tools/bin/../lib/gcc/arm-none-eabi/4.8.3/../../../../arm-none-eabi/lib/armv7-m/libcr_c.a(memset.o)
                              ./src/tcpip.o (memset)
/usr/local/lpcxpresso_7.0.2_102/lpcxpresso/tools/bin/../lib/gcc/arm-none-eabi/4.8.3/../../../../arm-none-eabi/lib/armv7-m/libcr_c.a(__weak__main.o)
                              ./src/cr_startup_lpc175x_6x.o (__main)
/usr/local/lpcxpresso_7.0.2_102/lpcxpresso/tools/bin/../lib/gcc/arm-none-eabi/4.8.3/../../../../arm-none-eabi/lib/armv7-m/libcr_c.a(memcmp.o)
                              ./src/tcpip.o (memcmp)
/usr/local/lpcxpresso_7.0.2_102/lpcxpresso/tools/bin/../lib/gcc/arm-none-eabi/4.8.3/../../../../arm-none-eabi/lib/armv7-m/libcr_c.a(strncpy.o)
                              ./src/main.o (strncpy)
/usr/local/lpcxpresso_7.0.2_102/lpcxpresso/tools/bin/../lib/gcc/arm-none-eabi/4.8.3/armv7-m/libcr_eabihelpers.a(division_64.o)
                              /home/enrico/LPXworkspace/CMSISv2p00_LPC17xx/Debug/libCMSISv2p00_LPC17xx.a(system_LPC17xx.o) (__aeabi_uldivmod)
/usr/local/lpcxpresso_7.0.2_102/lpcxpresso/tools/bin/../lib/gcc/arm-none-eabi/4.8.3/armv7-m/libcr_eabihelpers.a(division_idiv0.o)
                              /usr/local/lpcxpresso_7.0.2_102/lpcxpresso/tools/bin/../lib/gcc/arm-none-eabi/4.8.3/armv7-m/libcr_eabihelpers.a(division_64.o) (__aeabi_idiv0)
/usr/local/lpcxpresso_7.0.2_102/lpcxpresso/tools/bin/../lib/gcc/arm-none-eabi/4.8.3/armv7-m/libcr_eabihelpers.a(memcpy.o)
                              /usr/local/lpcxpresso_7.0.2_102/lpcxpresso/tools/bin/../lib/gcc/arm-none-eabi/4.8.3/../../../../arm-none-eabi/lib/armv7-m/libcr_c.a(memcpy.o) (__aeabi_memcpy)

Allocating common symbols
Common symbol       size              file

TCPTimer            0x1               ./src/main.o
HTTPBytesToSend     0x4               ./src/main.o
TCPRxDataCount      0x2               ./src/main.o
HTTPStatus          0x1               ./src/main.o
TCPTxDataCount      0x2               ./src/main.o
RecdFrameIP         0x4               ./src/main.o
RemoteMAC           0x6               ./src/main.o
TCPStateMachine     0x1               ./src/main.o
TCPUNASeqNr         0x4               ./src/main.o
TCPLocalPort        0x2               ./src/main.o
_RxTCPBuffer        0x100             ./src/main.o
TCPFlags            0x1               ./src/main.o
RecdFrameMAC        0x6               ./src/main.o
RecdIPFrameLength   0x2               ./src/main.o
PWebSide            0x4               ./src/main.o
RemoteIP            0x4               ./src/main.o
LastFrameSent       0x1               ./src/main.o
TCPRemotePort       0x2               ./src/main.o
TxFrame2Size        0x1               ./src/main.o
TCPAckNr            0x4               ./src/main.o
TransmitControl     0x1               ./src/main.o
TxFrame1Size        0x2               ./src/main.o
ISNGenHigh          0x2               ./src/main.o
_TxFrame2           0x4a              ./src/main.o
RecdFrameLength     0x2               ./src/main.o
_TxFrame1           0x236             ./src/main.o
TCPSeqNr            0x4               ./src/main.o
RetryCounter        0x1               ./src/main.o
__Ciob              0x28              ./src/main.o
SocketStatus        0x1               ./src/main.o

Discarded input sections

 .group         0x00000000        0x8 ./src/cr_startup_lpc175x_6x.o
 .text          0x00000000        0x0 ./src/cr_startup_lpc175x_6x.o
 .data          0x00000000        0x0 ./src/cr_startup_lpc175x_6x.o
 .bss           0x00000000        0x0 ./src/cr_startup_lpc175x_6x.o
 .group         0x00000000        0x8 ./src/crp.o
 .group         0x00000000        0x8 ./src/crp.o
 .text          0x00000000        0x0 ./src/crp.o
 .data          0x00000000        0x0 ./src/crp.o
 .bss           0x00000000        0x0 ./src/crp.o
 .crp           0x00000000        0x4 ./src/crp.o
 .debug_info    0x00000000       0x3f ./src/crp.o
 .debug_abbrev  0x00000000       0x36 ./src/crp.o
 .debug_aranges
                0x00000000       0x18 ./src/crp.o
 .debug_macro   0x00000000       0x1a ./src/crp.o
 .debug_macro   0x00000000      0x85c ./src/crp.o
 .debug_macro   0x00000000       0x34 ./src/crp.o
 .debug_line    0x00000000       0x7c ./src/crp.o
 .debug_str     0x00000000     0x24c5 ./src/crp.o
 .comment       0x00000000       0x71 ./src/crp.o
 .ARM.attributes
                0x00000000       0x33 ./src/crp.o
 .group         0x00000000        0x8 ./src/ethmac.o
 .group         0x00000000        0x8 ./src/ethmac.o
 .group         0x00000000        0x8 ./src/ethmac.o
 .group         0x00000000        0x8 ./src/ethmac.o
 .group         0x00000000        0x8 ./src/ethmac.o
 .group         0x00000000        0x8 ./src/ethmac.o
 .group         0x00000000        0x8 ./src/ethmac.o
 .group         0x00000000        0x8 ./src/ethmac.o
 .group         0x00000000        0x8 ./src/ethmac.o
 .group         0x00000000        0x8 ./src/ethmac.o
 .group         0x00000000        0x8 ./src/ethmac.o
 .text          0x00000000        0x0 ./src/ethmac.o
 .data          0x00000000        0x0 ./src/ethmac.o
 .bss           0x00000000        0x0 ./src/ethmac.o
 .debug_macro   0x00000000      0x85c ./src/ethmac.o
 .group         0x00000000        0x8 ./src/ew_systick.o
 .group         0x00000000        0x8 ./src/ew_systick.o
 .group         0x00000000        0x8 ./src/ew_systick.o
 .group         0x00000000        0x8 ./src/ew_systick.o
 .group         0x00000000        0x8 ./src/ew_systick.o
 .group         0x00000000        0x8 ./src/ew_systick.o
 .group         0x00000000        0x8 ./src/ew_systick.o
 .group         0x00000000        0x8 ./src/ew_systick.o
 .group         0x00000000        0x8 ./src/ew_systick.o
 .text          0x00000000        0x0 ./src/ew_systick.o
 .data          0x00000000        0x0 ./src/ew_systick.o
 .bss           0x00000000        0x0 ./src/ew_systick.o
 .debug_macro   0x00000000      0x85c ./src/ew_systick.o
 .debug_macro   0x00000000       0x1c ./src/ew_systick.o
 .debug_macro   0x00000000       0x2e ./src/ew_systick.o
 .debug_macro   0x00000000       0x10 ./src/ew_systick.o
 .debug_macro   0x00000000      0x122 ./src/ew_systick.o
 .debug_macro   0x00000000      0x5b9 ./src/ew_systick.o
 .debug_macro   0x00000000       0x18 ./src/ew_systick.o
 .debug_macro   0x00000000      0x7af ./src/ew_systick.o
 .debug_macro   0x00000000      0x2c7 ./src/ew_systick.o
 .group         0x00000000        0x8 ./src/lpc1768.o
 .group         0x00000000        0x8 ./src/lpc1768.o
 .group         0x00000000        0x8 ./src/lpc1768.o
 .group         0x00000000        0x8 ./src/lpc1768.o
 .group         0x00000000        0x8 ./src/lpc1768.o
 .group         0x00000000        0x8 ./src/lpc1768.o
 .group         0x00000000        0x8 ./src/lpc1768.o
 .group         0x00000000        0x8 ./src/lpc1768.o
 .group         0x00000000        0x8 ./src/lpc1768.o
 .text          0x00000000        0x0 ./src/lpc1768.o
 .data          0x00000000        0x0 ./src/lpc1768.o
 .bss           0x00000000        0x0 ./src/lpc1768.o
 .text.Delay    0x00000000       0x20 ./src/lpc1768.o
 .text.resetGPIO
                0x00000000       0x70 ./src/lpc1768.o
 .text.setOutput_LEDint
                0x00000000       0x1c ./src/lpc1768.o
 .text.setButton_reset
                0x00000000       0x1c ./src/lpc1768.o
 .text.setOutput_ADC_Rint
                0x00000000       0x40 ./src/lpc1768.o
 .text.setBeep  0x00000000       0x38 ./src/lpc1768.o
 .text.stop_beep
                0x00000000       0x24 ./src/lpc1768.o
 .text.setJoySwitch
                0x00000000       0x1c ./src/lpc1768.o
 .text.turn_off_the_LEDS
                0x00000000       0x18 ./src/lpc1768.o
 .text.turn_on_single_LED
                0x00000000       0x24 ./src/lpc1768.o
 .text.turn_off_single_LED
                0x00000000       0x24 ./src/lpc1768.o
 .text.reset_is_pressed
                0x00000000       0x28 ./src/lpc1768.o
 .text.joyswitch_up
                0x00000000       0x28 ./src/lpc1768.o
 .text.joyswitch_down
                0x00000000       0x28 ./src/lpc1768.o
 .text.joyswitch_right
                0x00000000       0x28 ./src/lpc1768.o
 .text.joyswitch_left
                0x00000000       0x28 ./src/lpc1768.o
 .text.joyswitch_pressed
                0x00000000       0x28 ./src/lpc1768.o
 .text.beep     0x00000000       0x34 ./src/lpc1768.o
 .text.convert_from_ADC_VR
                0x00000000       0x48 ./src/lpc1768.o
 .debug_info    0x00000000      0x9b4 ./src/lpc1768.o
 .debug_abbrev  0x00000000      0x1b4 ./src/lpc1768.o
 .debug_aranges
                0x00000000       0xb0 ./src/lpc1768.o
 .debug_ranges  0x00000000       0xa0 ./src/lpc1768.o
 .debug_macro   0x00000000       0x7f ./src/lpc1768.o
 .debug_macro   0x00000000      0x85c ./src/lpc1768.o
 .debug_macro   0x00000000       0x1c ./src/lpc1768.o
 .debug_macro   0x00000000       0x2e ./src/lpc1768.o
 .debug_macro   0x00000000       0x10 ./src/lpc1768.o
 .debug_macro   0x00000000      0x122 ./src/lpc1768.o
 .debug_macro   0x00000000      0x5b9 ./src/lpc1768.o
 .debug_macro   0x00000000       0x18 ./src/lpc1768.o
 .debug_macro   0x00000000      0x7af ./src/lpc1768.o
 .debug_macro   0x00000000      0x2c7 ./src/lpc1768.o
 .debug_line    0x00000000      0x308 ./src/lpc1768.o
 .debug_str     0x00000000     0x8133 ./src/lpc1768.o
 .comment       0x00000000       0x71 ./src/lpc1768.o
 .ARM.attributes
                0x00000000       0x33 ./src/lpc1768.o
 .debug_frame   0x00000000      0x1f0 ./src/lpc1768.o
 .group         0x00000000        0x8 ./src/main.o
 .group         0x00000000        0x8 ./src/main.o
 .group         0x00000000        0x8 ./src/main.o
 .group         0x00000000        0x8 ./src/main.o
 .group         0x00000000        0x8 ./src/main.o
 .group         0x00000000        0x8 ./src/main.o
 .group         0x00000000        0x8 ./src/main.o
 .group         0x00000000        0x8 ./src/main.o
 .group         0x00000000        0x8 ./src/main.o
 .group         0x00000000        0x8 ./src/main.o
 .group         0x00000000        0x8 ./src/main.o
 .group         0x00000000        0x8 ./src/main.o
 .group         0x00000000        0x8 ./src/main.o
 .group         0x00000000        0x8 ./src/main.o
 .text          0x00000000        0x0 ./src/main.o
 .data          0x00000000        0x0 ./src/main.o
 .bss           0x00000000        0x0 ./src/main.o
 .debug_macro   0x00000000      0x85c ./src/main.o
 .debug_macro   0x00000000       0x1c ./src/main.o
 .debug_macro   0x00000000       0x2e ./src/main.o
 .debug_macro   0x00000000       0x10 ./src/main.o
 .debug_macro   0x00000000      0x122 ./src/main.o
 .debug_macro   0x00000000      0x5b9 ./src/main.o
 .debug_macro   0x00000000       0x18 ./src/main.o
 .debug_macro   0x00000000      0x7af ./src/main.o
 .debug_macro   0x00000000      0x2c7 ./src/main.o
 .debug_macro   0x00000000       0x34 ./src/main.o
 .debug_macro   0x00000000      0x5e5 ./src/main.o
 .debug_macro   0x00000000      0x2db ./src/main.o
 .group         0x00000000        0x8 ./src/tcpip.o
 .group         0x00000000        0x8 ./src/tcpip.o
 .group         0x00000000        0x8 ./src/tcpip.o
 .group         0x00000000        0x8 ./src/tcpip.o
 .group         0x00000000        0x8 ./src/tcpip.o
 .group         0x00000000        0x8 ./src/tcpip.o
 .group         0x00000000        0x8 ./src/tcpip.o
 .group         0x00000000        0x8 ./src/tcpip.o
 .group         0x00000000        0x8 ./src/tcpip.o
 .group         0x00000000        0x8 ./src/tcpip.o
 .group         0x00000000        0x8 ./src/tcpip.o
 .text          0x00000000        0x0 ./src/tcpip.o
 .data          0x00000000        0x0 ./src/tcpip.o
 .bss           0x00000000        0x0 ./src/tcpip.o
 .text.TCPActiveOpen
                0x00000000       0x58 ./src/tcpip.o
 .debug_macro   0x00000000      0x85c ./src/tcpip.o
 .debug_macro   0x00000000      0x2db ./src/tcpip.o
 .debug_macro   0x00000000      0x5e5 ./src/tcpip.o
 .debug_macro   0x00000000       0x1c ./src/tcpip.o
 .debug_macro   0x00000000       0x2e ./src/tcpip.o
 .debug_macro   0x00000000       0x10 ./src/tcpip.o
 .debug_macro   0x00000000      0x122 ./src/tcpip.o
 .debug_macro   0x00000000      0x5b9 ./src/tcpip.o
 .debug_macro   0x00000000       0x18 ./src/tcpip.o
 .debug_macro   0x00000000      0x7af ./src/tcpip.o
 .debug_macro   0x00000000      0x2c7 ./src/tcpip.o
 .group         0x00000000        0x8 /home/enrico/LPXworkspace/CMSISv2p00_LPC17xx/Debug/libCMSISv2p00_LPC17xx.a(system_LPC17xx.o)
 .group         0x00000000        0x8 /home/enrico/LPXworkspace/CMSISv2p00_LPC17xx/Debug/libCMSISv2p00_LPC17xx.a(system_LPC17xx.o)
 .group         0x00000000        0x8 /home/enrico/LPXworkspace/CMSISv2p00_LPC17xx/Debug/libCMSISv2p00_LPC17xx.a(system_LPC17xx.o)
 .group         0x00000000        0x8 /home/enrico/LPXworkspace/CMSISv2p00_LPC17xx/Debug/libCMSISv2p00_LPC17xx.a(system_LPC17xx.o)
 .group         0x00000000        0x8 /home/enrico/LPXworkspace/CMSISv2p00_LPC17xx/Debug/libCMSISv2p00_LPC17xx.a(system_LPC17xx.o)
 .group         0x00000000        0x8 /home/enrico/LPXworkspace/CMSISv2p00_LPC17xx/Debug/libCMSISv2p00_LPC17xx.a(system_LPC17xx.o)
 .group         0x00000000        0x8 /home/enrico/LPXworkspace/CMSISv2p00_LPC17xx/Debug/libCMSISv2p00_LPC17xx.a(system_LPC17xx.o)
 .group         0x00000000        0x8 /home/enrico/LPXworkspace/CMSISv2p00_LPC17xx/Debug/libCMSISv2p00_LPC17xx.a(system_LPC17xx.o)
 .group         0x00000000        0x8 /home/enrico/LPXworkspace/CMSISv2p00_LPC17xx/Debug/libCMSISv2p00_LPC17xx.a(system_LPC17xx.o)
 .text          0x00000000        0x0 /home/enrico/LPXworkspace/CMSISv2p00_LPC17xx/Debug/libCMSISv2p00_LPC17xx.a(system_LPC17xx.o)
 .data          0x00000000        0x0 /home/enrico/LPXworkspace/CMSISv2p00_LPC17xx/Debug/libCMSISv2p00_LPC17xx.a(system_LPC17xx.o)
 .bss           0x00000000        0x0 /home/enrico/LPXworkspace/CMSISv2p00_LPC17xx/Debug/libCMSISv2p00_LPC17xx.a(system_LPC17xx.o)
 .text.SystemCoreClockUpdate
                0x00000000       0xb0 /home/enrico/LPXworkspace/CMSISv2p00_LPC17xx/Debug/libCMSISv2p00_LPC17xx.a(system_LPC17xx.o)
 .debug_macro   0x00000000       0x10 /home/enrico/LPXworkspace/CMSISv2p00_LPC17xx/Debug/libCMSISv2p00_LPC17xx.a(system_LPC17xx.o)
 .debug_macro   0x00000000      0x122 /home/enrico/LPXworkspace/CMSISv2p00_LPC17xx/Debug/libCMSISv2p00_LPC17xx.a(system_LPC17xx.o)
 .debug_macro   0x00000000      0x5b9 /home/enrico/LPXworkspace/CMSISv2p00_LPC17xx/Debug/libCMSISv2p00_LPC17xx.a(system_LPC17xx.o)
 .debug_macro   0x00000000       0x1c /home/enrico/LPXworkspace/CMSISv2p00_LPC17xx/Debug/libCMSISv2p00_LPC17xx.a(system_LPC17xx.o)
 .debug_macro   0x00000000       0x2e /home/enrico/LPXworkspace/CMSISv2p00_LPC17xx/Debug/libCMSISv2p00_LPC17xx.a(system_LPC17xx.o)
 .debug_macro   0x00000000       0x18 /home/enrico/LPXworkspace/CMSISv2p00_LPC17xx/Debug/libCMSISv2p00_LPC17xx.a(system_LPC17xx.o)
 .debug_macro   0x00000000      0x7af /home/enrico/LPXworkspace/CMSISv2p00_LPC17xx/Debug/libCMSISv2p00_LPC17xx.a(system_LPC17xx.o)
 .debug_macro   0x00000000      0x2c7 /home/enrico/LPXworkspace/CMSISv2p00_LPC17xx/Debug/libCMSISv2p00_LPC17xx.a(system_LPC17xx.o)
 .text          0x00000000        0x0 /usr/local/lpcxpresso_7.0.2_102/lpcxpresso/tools/bin/../lib/gcc/arm-none-eabi/4.8.3/../../../../arm-none-eabi/lib/armv7-m/libcr_c.a(memcpy.o)
 .data          0x00000000        0x0 /usr/local/lpcxpresso_7.0.2_102/lpcxpresso/tools/bin/../lib/gcc/arm-none-eabi/4.8.3/../../../../arm-none-eabi/lib/armv7-m/libcr_c.a(memcpy.o)
 .bss           0x00000000        0x0 /usr/local/lpcxpresso_7.0.2_102/lpcxpresso/tools/bin/../lib/gcc/arm-none-eabi/4.8.3/../../../../arm-none-eabi/lib/armv7-m/libcr_c.a(memcpy.o)
 .text          0x00000000        0x0 /usr/local/lpcxpresso_7.0.2_102/lpcxpresso/tools/bin/../lib/gcc/arm-none-eabi/4.8.3/../../../../arm-none-eabi/lib/armv7-m/libcr_c.a(memset.o)
 .data          0x00000000        0x0 /usr/local/lpcxpresso_7.0.2_102/lpcxpresso/tools/bin/../lib/gcc/arm-none-eabi/4.8.3/../../../../arm-none-eabi/lib/armv7-m/libcr_c.a(memset.o)
 .bss           0x00000000        0x0 /usr/local/lpcxpresso_7.0.2_102/lpcxpresso/tools/bin/../lib/gcc/arm-none-eabi/4.8.3/../../../../arm-none-eabi/lib/armv7-m/libcr_c.a(memset.o)
 .text          0x00000000        0x0 /usr/local/lpcxpresso_7.0.2_102/lpcxpresso/tools/bin/../lib/gcc/arm-none-eabi/4.8.3/../../../../arm-none-eabi/lib/armv7-m/libcr_c.a(__weak__main.o)
 .data          0x00000000        0x0 /usr/local/lpcxpresso_7.0.2_102/lpcxpresso/tools/bin/../lib/gcc/arm-none-eabi/4.8.3/../../../../arm-none-eabi/lib/armv7-m/libcr_c.a(__weak__main.o)
 .bss           0x00000000        0x0 /usr/local/lpcxpresso_7.0.2_102/lpcxpresso/tools/bin/../lib/gcc/arm-none-eabi/4.8.3/../../../../arm-none-eabi/lib/armv7-m/libcr_c.a(__weak__main.o)
 .text          0x00000000        0x0 /usr/local/lpcxpresso_7.0.2_102/lpcxpresso/tools/bin/../lib/gcc/arm-none-eabi/4.8.3/../../../../arm-none-eabi/lib/armv7-m/libcr_c.a(memcmp.o)
 .data          0x00000000        0x0 /usr/local/lpcxpresso_7.0.2_102/lpcxpresso/tools/bin/../lib/gcc/arm-none-eabi/4.8.3/../../../../arm-none-eabi/lib/armv7-m/libcr_c.a(memcmp.o)
 .bss           0x00000000        0x0 /usr/local/lpcxpresso_7.0.2_102/lpcxpresso/tools/bin/../lib/gcc/arm-none-eabi/4.8.3/../../../../arm-none-eabi/lib/armv7-m/libcr_c.a(memcmp.o)
 .text          0x00000000        0x0 /usr/local/lpcxpresso_7.0.2_102/lpcxpresso/tools/bin/../lib/gcc/arm-none-eabi/4.8.3/../../../../arm-none-eabi/lib/armv7-m/libcr_c.a(strncpy.o)
 .data          0x00000000        0x0 /usr/local/lpcxpresso_7.0.2_102/lpcxpresso/tools/bin/../lib/gcc/arm-none-eabi/4.8.3/../../../../arm-none-eabi/lib/armv7-m/libcr_c.a(strncpy.o)
 .bss           0x00000000        0x0 /usr/local/lpcxpresso_7.0.2_102/lpcxpresso/tools/bin/../lib/gcc/arm-none-eabi/4.8.3/../../../../arm-none-eabi/lib/armv7-m/libcr_c.a(strncpy.o)
 .text          0x00000000        0x0 /usr/local/lpcxpresso_7.0.2_102/lpcxpresso/tools/bin/../lib/gcc/arm-none-eabi/4.8.3/armv7-m/libcr_eabihelpers.a(division_64.o)
 .data          0x00000000        0x0 /usr/local/lpcxpresso_7.0.2_102/lpcxpresso/tools/bin/../lib/gcc/arm-none-eabi/4.8.3/armv7-m/libcr_eabihelpers.a(division_64.o)
 .bss           0x00000000        0x0 /usr/local/lpcxpresso_7.0.2_102/lpcxpresso/tools/bin/../lib/gcc/arm-none-eabi/4.8.3/armv7-m/libcr_eabihelpers.a(division_64.o)
 .text.__aeabi_division_ldivmod
                0x00000000       0x26 /usr/local/lpcxpresso_7.0.2_102/lpcxpresso/tools/bin/../lib/gcc/arm-none-eabi/4.8.3/armv7-m/libcr_eabihelpers.a(division_64.o)
 .text.__aeabi_division_uldivmod
                0x00000000      0x188 /usr/local/lpcxpresso_7.0.2_102/lpcxpresso/tools/bin/../lib/gcc/arm-none-eabi/4.8.3/armv7-m/libcr_eabihelpers.a(division_64.o)
 .ARM.attributes
                0x00000000       0x21 /usr/local/lpcxpresso_7.0.2_102/lpcxpresso/tools/bin/../lib/gcc/arm-none-eabi/4.8.3/armv7-m/libcr_eabihelpers.a(division_64.o)
 .text          0x00000000        0x0 /usr/local/lpcxpresso_7.0.2_102/lpcxpresso/tools/bin/../lib/gcc/arm-none-eabi/4.8.3/armv7-m/libcr_eabihelpers.a(division_idiv0.o)
 .data          0x00000000        0x0 /usr/local/lpcxpresso_7.0.2_102/lpcxpresso/tools/bin/../lib/gcc/arm-none-eabi/4.8.3/armv7-m/libcr_eabihelpers.a(division_idiv0.o)
 .bss           0x00000000        0x0 /usr/local/lpcxpresso_7.0.2_102/lpcxpresso/tools/bin/../lib/gcc/arm-none-eabi/4.8.3/armv7-m/libcr_eabihelpers.a(division_idiv0.o)
 .text.__aeabi_division_idiv0
                0x00000000        0x2 /usr/local/lpcxpresso_7.0.2_102/lpcxpresso/tools/bin/../lib/gcc/arm-none-eabi/4.8.3/armv7-m/libcr_eabihelpers.a(division_idiv0.o)
 .ARM.attributes
                0x00000000       0x21 /usr/local/lpcxpresso_7.0.2_102/lpcxpresso/tools/bin/../lib/gcc/arm-none-eabi/4.8.3/armv7-m/libcr_eabihelpers.a(division_idiv0.o)
 .text          0x00000000        0x0 /usr/local/lpcxpresso_7.0.2_102/lpcxpresso/tools/bin/../lib/gcc/arm-none-eabi/4.8.3/armv7-m/libcr_eabihelpers.a(memcpy.o)
 .data          0x00000000        0x0 /usr/local/lpcxpresso_7.0.2_102/lpcxpresso/tools/bin/../lib/gcc/arm-none-eabi/4.8.3/armv7-m/libcr_eabihelpers.a(memcpy.o)
 .bss           0x00000000        0x0 /usr/local/lpcxpresso_7.0.2_102/lpcxpresso/tools/bin/../lib/gcc/arm-none-eabi/4.8.3/armv7-m/libcr_eabihelpers.a(memcpy.o)
 .text.__aeabi_memmove
                0x00000000       0x1e /usr/local/lpcxpresso_7.0.2_102/lpcxpresso/tools/bin/../lib/gcc/arm-none-eabi/4.8.3/armv7-m/libcr_eabihelpers.a(memcpy.o)
 .text.__aeabi_memclr
                0x00000000        0x8 /usr/local/lpcxpresso_7.0.2_102/lpcxpresso/tools/bin/../lib/gcc/arm-none-eabi/4.8.3/armv7-m/libcr_eabihelpers.a(memcpy.o)
 .text.__aeabi_memset
                0x00000000        0xa /usr/local/lpcxpresso_7.0.2_102/lpcxpresso/tools/bin/../lib/gcc/arm-none-eabi/4.8.3/armv7-m/libcr_eabihelpers.a(memcpy.o)

Memory Configuration

Name             Origin             Length             Attributes
MFlash512        0x00000000         0x00080000         xr
RamLoc32         0x10000000         0x00008000         xrw
RamAHB32         0x2007c000         0x00008000         xrw
*default*        0x00000000         0xffffffff

Linker script and memory map

LOAD ./src/cr_startup_lpc175x_6x.o
LOAD ./src/crp.o
LOAD ./src/ethmac.o
LOAD ./src/ew_systick.o
LOAD ./src/lpc1768.o
LOAD ./src/main.o
LOAD ./src/tcpip.o
LOAD /home/enrico/LPXworkspace/CMSISv2p00_LPC17xx/Debug/libCMSISv2p00_LPC17xx.a
START GROUP
LOAD /usr/local/lpcxpresso_7.0.2_102/lpcxpresso/tools/bin/../lib/gcc/arm-none-eabi/4.8.3/../../../../arm-none-eabi/lib/armv7-m/libcr_c.a
LOAD /usr/local/lpcxpresso_7.0.2_102/lpcxpresso/tools/bin/../lib/gcc/arm-none-eabi/4.8.3/armv7-m/libcr_eabihelpers.a
END GROUP
                0x00080000                __top_MFlash512 = 0x80000
                0x10008000                __top_RamLoc32 = 0x10008000
                0x20084000                __top_RamAHB32 = 0x20084000

.text           0x00000000     0x28d4
 FILL mask 0xff
                0x00000000                __vectors_start__ = ABSOLUTE (.)
 *(.isr_vector)
 .isr_vector    0x00000000       0xcc ./src/cr_startup_lpc175x_6x.o
                0x00000000                g_pfnVectors
                0x000000cc                . = ALIGN (0x4)
                0x000000cc                __section_table_start = .
                0x000000cc                __data_section_table = .
                0x000000cc        0x4 LONG 0x28d4 LOADADDR (.data)
                0x000000d0        0x4 LONG 0x10000000 ADDR (.data)
                0x000000d4        0x4 LONG 0x4 SIZEOF (.data)
                0x000000d8        0x4 LONG 0x28d4 LOADADDR (.data_RAM2)
                0x000000dc        0x4 LONG 0x2007c000 ADDR (.data_RAM2)
                0x000000e0        0x4 LONG 0x0 SIZEOF (.data_RAM2)
                0x000000e4                __data_section_table_end = .
                0x000000e4                __bss_section_table = .
                0x000000e4        0x4 LONG 0x10000004 ADDR (.bss)
                0x000000e8        0x4 LONG 0x418 SIZEOF (.bss)
                0x000000ec        0x4 LONG 0x2007c000 ADDR (.bss_RAM2)
                0x000000f0        0x4 LONG 0x0 SIZEOF (.bss_RAM2)
                0x000000f4                __bss_section_table_end = .
                0x000000f4                __section_table_end = .
 *(.after_vectors*)
 .after_vectors
                0x000000f4       0x78 ./src/cr_startup_lpc175x_6x.o
                0x000000f4                NMI_Handler
                0x000000f6                HardFault_Handler
                0x000000f8                MemManage_Handler
                0x000000fa                BusFault_Handler
                0x000000fc                UsageFault_Handler
                0x000000fe                SVC_Handler
                0x00000100                DebugMon_Handler
                0x00000102                PendSV_Handler
                0x00000106                TIMER2_IRQHandler
                0x00000106                RIT_IRQHandler
                0x00000106                I2C0_IRQHandler
                0x00000106                USBActivity_IRQHandler
                0x00000106                PWM1_IRQHandler
                0x00000106                I2C1_IRQHandler
                0x00000106                EINT2_IRQHandler
                0x00000106                UART1_IRQHandler
                0x00000106                EINT3_IRQHandler
                0x00000106                CANActivity_IRQHandler
                0x00000106                TIMER3_IRQHandler
                0x00000106                UART0_IRQHandler
                0x00000106                IntDefaultHandler
                0x00000106                PLL0_IRQHandler
                0x00000106                CAN_IRQHandler
                0x00000106                PLL1_IRQHandler
                0x00000106                SSP0_IRQHandler
                0x00000106                I2S_IRQHandler
                0x00000106                I2C2_IRQHandler
                0x00000106                RTC_IRQHandler
                0x00000106                TIMER0_IRQHandler
                0x00000106                SPI_IRQHandler
                0x00000106                EINT1_IRQHandler
                0x00000106                TIMER1_IRQHandler
                0x00000106                UART2_IRQHandler
                0x00000106                ADC_IRQHandler
                0x00000106                SSP1_IRQHandler
                0x00000106                USB_IRQHandler
                0x00000106                BOD_IRQHandler
                0x00000106                WDT_IRQHandler
                0x00000106                QEI_IRQHandler
                0x00000106                EINT0_IRQHandler
                0x00000106                DMA_IRQHandler
                0x00000106                UART3_IRQHandler
                0x00000106                MCPWM_IRQHandler
                0x00000106                ENET_IRQHandler
                0x00000108                data_init
                0x0000011a                bss_init
                0x0000012a                ResetISR
 *(.text*)
 .text.WriteToPHY
                0x0000016c       0x4c ./src/ethmac.o
                0x0000016c                WriteToPHY
 .text.ReadFromPHY
                0x000001b8       0x60 ./src/ethmac.o
                0x000001b8                ReadFromPHY
 .text.Init_EthMAC
                0x00000218      0x3a4 ./src/ethmac.o
                0x00000218                Init_EthMAC
 .text.WriteFrame_EthMAC
                0x000005bc       0x28 ./src/ethmac.o
                0x000005bc                WriteFrame_EthMAC
 .text.CopyToFrame_EthMAC
                0x000005e4       0x60 ./src/ethmac.o
                0x000005e4                CopyToFrame_EthMAC
 .text.ReadFrame_EthMAC
                0x00000644       0x20 ./src/ethmac.o
                0x00000644                ReadFrame_EthMAC
 .text.ReadFrameBE_EthMAC
                0x00000664       0x2c ./src/ethmac.o
                0x00000664                ReadFrameBE_EthMAC
 .text.CopyFromFrame_EthMAC
                0x00000690       0x44 ./src/ethmac.o
                0x00000690                CopyFromFrame_EthMAC
 .text.DummyReadFrame_EthMAC
                0x000006d4       0x24 ./src/ethmac.o
                0x000006d4                DummyReadFrame_EthMAC
 .text.RequestSend
                0x000006f8       0x4c ./src/ethmac.o
                0x000006f8                RequestSend
 .text.Rdy4Tx   0x00000744       0x10 ./src/ethmac.o
                0x00000744                Rdy4Tx
 .text.StartReadingFrame
                0x00000754       0x50 ./src/ethmac.o
                0x00000754                StartReadingFrame
 .text.StopReadingFrame
                0x000007a4       0x34 ./src/ethmac.o
                0x000007a4                StopReadingFrame
 .text.CheckIfFrameReceived
                0x000007d8       0x28 ./src/ethmac.o
                0x000007d8                CheckIfFrameReceived
 .text.NVIC_SetPriority
                0x00000800       0x54 ./src/ew_systick.o
 .text.SysTick_Config
                0x00000854       0x44 ./src/ew_systick.o
 .text.SysTick_Handler
                0x00000898       0x44 ./src/ew_systick.o
                0x00000898                SysTick_Handler
 .text.Start_SysTick10ms
                0x000008dc       0x28 ./src/ew_systick.o
                0x000008dc                Start_SysTick10ms
 .text.main     0x00000904       0x40 ./src/main.o
                0x00000904                main
 .text.HTTPServer
                0x00000944      0x15c ./src/main.o
                0x00000944                HTTPServer
 .text.PW_search
                0x00000aa0       0xc0 ./src/main.o
                0x00000aa0                PW_search
 .text.TCPLowLevelInit
                0x00000b60       0x38 ./src/tcpip.o
                0x00000b60                TCPLowLevelInit
 .text.TCPPassiveOpen
                0x00000b98       0x3c ./src/tcpip.o
                0x00000b98                TCPPassiveOpen
 .text.TCPClose
                0x00000bd4       0x5c ./src/tcpip.o
                0x00000bd4                TCPClose
 .text.TCPReleaseRxBuffer
                0x00000c30       0x20 ./src/tcpip.o
                0x00000c30                TCPReleaseRxBuffer
 .text.TCPTransmitTxBuffer
                0x00000c50       0x80 ./src/tcpip.o
                0x00000c50                TCPTransmitTxBuffer
 .text.BroadcastMessage
                0x00000cd0       0x58 ./src/tcpip.o
                0x00000cd0                BroadcastMessage
 .text.DoNetworkStuff
                0x00000d28      0x274 ./src/tcpip.o
                0x00000d28                DoNetworkStuff
 .text.ProcessEthBroadcastFrame
                0x00000f9c       0x88 ./src/tcpip.o
                0x00000f9c                ProcessEthBroadcastFrame
 .text.ProcessEthIAFrame
                0x00001024      0x10c ./src/tcpip.o
                0x00001024                ProcessEthIAFrame
 .text.ProcessICMPFrame
                0x00001130       0x28 ./src/tcpip.o
                0x00001130                ProcessICMPFrame
 .text.ProcessTCPFrame
                0x00001158      0x4ec ./src/tcpip.o
                0x00001158                ProcessTCPFrame
 .text.PrepareARP_REQUEST
                0x00001644       0xec ./src/tcpip.o
                0x00001644                PrepareARP_REQUEST
 .text.PrepareARP_ANSWER
                0x00001730       0xac ./src/tcpip.o
                0x00001730                PrepareARP_ANSWER
 .text.PrepareICMP_ECHO_REPLY
                0x000017dc      0x114 ./src/tcpip.o
                0x000017dc                PrepareICMP_ECHO_REPLY
 .text.PrepareTCP_FRAME
                0x000018f0      0x1a0 ./src/tcpip.o
                0x000018f0                PrepareTCP_FRAME
 .text.PrepareTCP_DATA_FRAME
                0x00001a90      0x128 ./src/tcpip.o
                0x00001a90                PrepareTCP_DATA_FRAME
 .text.CalcChecksum
                0x00001bb8       0xbc ./src/tcpip.o
                0x00001bb8                CalcChecksum
 .text.TCPStartRetryTimer
                0x00001c74       0x40 ./src/tcpip.o
                0x00001c74                TCPStartRetryTimer
 .text.TCPStartTimeWaitTimer
                0x00001cb4       0x38 ./src/tcpip.o
                0x00001cb4                TCPStartTimeWaitTimer
 .text.TCPRestartTimer
                0x00001cec       0x18 ./src/tcpip.o
                0x00001cec                TCPRestartTimer
 .text.TCPStopTimer
                0x00001d04       0x20 ./src/tcpip.o
                0x00001d04                TCPStopTimer
 .text.TCPHandleRetransmission
                0x00001d24       0x60 ./src/tcpip.o
                0x00001d24                TCPHandleRetransmission
 .text.TCPHandleTimeout
                0x00001d84       0x40 ./src/tcpip.o
                0x00001d84                TCPHandleTimeout
 .text.TCPClockHandler
                0x00001dc4       0x2c ./src/tcpip.o
                0x00001dc4                TCPClockHandler
 .text.SendFrame1
                0x00001df0       0x1c ./src/tcpip.o
                0x00001df0                SendFrame1
 .text.SendFrame2
                0x00001e0c       0x1c ./src/tcpip.o
                0x00001e0c                SendFrame2
 .text.WriteWBE
                0x00001e28       0x30 ./src/tcpip.o
                0x00001e28                WriteWBE
 .text.WriteDWBE
                0x00001e58       0x48 ./src/tcpip.o
                0x00001e58                WriteDWBE
 .text.SwapBytes
                0x00001ea0       0x2c ./src/tcpip.o
                0x00001ea0                SwapBytes
 .text.SystemInit
                0x00001ecc       0xe0 /home/enrico/LPXworkspace/CMSISv2p00_LPC17xx/Debug/libCMSISv2p00_LPC17xx.a(system_LPC17xx.o)
                0x00001ecc                SystemInit
 .text.memcpy   0x00001fac        0x4 /usr/local/lpcxpresso_7.0.2_102/lpcxpresso/tools/bin/../lib/gcc/arm-none-eabi/4.8.3/../../../../arm-none-eabi/lib/armv7-m/libcr_c.a(memcpy.o)
                0x00001fac                memcpy
 .text.memset   0x00001fb0        0x4 /usr/local/lpcxpresso_7.0.2_102/lpcxpresso/tools/bin/../lib/gcc/arm-none-eabi/4.8.3/../../../../arm-none-eabi/lib/armv7-m/libcr_c.a(memset.o)
                0x00001fb0                memset
 .text.__weak_main
                0x00001fb4        0x4 /usr/local/lpcxpresso_7.0.2_102/lpcxpresso/tools/bin/../lib/gcc/arm-none-eabi/4.8.3/../../../../arm-none-eabi/lib/armv7-m/libcr_c.a(__weak__main.o)
                0x00001fb4                __main
                0x00001fb4                __weak_main
 .text.memcmp   0x00001fb8       0x44 /usr/local/lpcxpresso_7.0.2_102/lpcxpresso/tools/bin/../lib/gcc/arm-none-eabi/4.8.3/../../../../arm-none-eabi/lib/armv7-m/libcr_c.a(memcmp.o)
                0x00001fb8                memcmp
 .text.strncpy  0x00001ffc       0x58 /usr/local/lpcxpresso_7.0.2_102/lpcxpresso/tools/bin/../lib/gcc/arm-none-eabi/4.8.3/../../../../arm-none-eabi/lib/armv7-m/libcr_c.a(strncpy.o)
                0x00001ffc                strncpy
 .text.__aeabi_memcpy
                0x00002054       0x2a /usr/local/lpcxpresso_7.0.2_102/lpcxpresso/tools/bin/../lib/gcc/arm-none-eabi/4.8.3/armv7-m/libcr_eabihelpers.a(memcpy.o)
                0x00002054                __aeabi_memcpy
                0x00002054                __aeabi_memcpy4
                0x00002054                __aeabi_memcpy8
 .text.__aeabi_memset_lowlevel
                0x0000207e       0x2c /usr/local/lpcxpresso_7.0.2_102/lpcxpresso/tools/bin/../lib/gcc/arm-none-eabi/4.8.3/armv7-m/libcr_eabihelpers.a(memcpy.o)
                0x0000207e                __aeabi_lowlevel_memset
 *(.rodata .rodata.* .constdata .constdata.*)
 *fill*         0x000020aa        0x2 
 .rodata.GetResponse
                0x000020ac       0x30 ./src/main.o
                0x000020ac                GetResponse
 .rodata.MyIP   0x000020dc        0x4 ./src/main.o
                0x000020dc                MyIP
 .rodata.SubnetMask
                0x000020e0        0x4 ./src/main.o
                0x000020e0                SubnetMask
 .rodata.GatewayIP
                0x000020e4        0x4 ./src/main.o
                0x000020e4                GatewayIP
 .rodata.WebSide
                0x000020e8      0x7d8 ./src/main.o
                0x000020e8                WebSide
 .rodata        0x000028c0        0xc ./src/main.o
 .rodata.MyMAC  0x000028cc        0x8 ./src/tcpip.o
                0x000028cc                MyMAC
                0x000028d4                . = ALIGN (0x4)

.glue_7         0x000028d4        0x0
 .glue_7        0x00000000        0x0 linker stubs

.glue_7t        0x000028d4        0x0
 .glue_7t       0x00000000        0x0 linker stubs

.vfp11_veneer   0x000028d4        0x0
 .vfp11_veneer  0x00000000        0x0 linker stubs

.v4_bx          0x000028d4        0x0
 .v4_bx         0x00000000        0x0 linker stubs

.iplt           0x000028d4        0x0
 .iplt          0x00000000        0x0 ./src/cr_startup_lpc175x_6x.o

.rel.dyn        0x000028d4        0x0
 .rel.iplt      0x00000000        0x0 ./src/cr_startup_lpc175x_6x.o

.ARM.extab
 *(.ARM.extab* .gnu.linkonce.armextab.*)
                0x000028d4                __exidx_start = .

.ARM.exidx
 *(.ARM.exidx* .gnu.linkonce.armexidx.*)
                0x000028d4                __exidx_end = .
                0x000028d4                _etext = .

.data_RAM2      0x2007c000        0x0 load address 0x000028d4
 FILL mask 0xff
 *(.ramfunc.$RAM2)
 *(.data.$RAM2*)
 *(.data.$RamAHB32*)
                0x2007c000                . = ALIGN (0x4)

.uninit_RESERVED
                0x10000000        0x0
 *(.bss.$RESERVED*)
                0x10000000                . = ALIGN (0x4)
                0x10000000                _end_uninit_RESERVED = .

.data           0x10000000        0x4 load address 0x000028d4
 FILL mask 0xff
                0x10000000                _data = .
 *(vtable)
 *(.ramfunc*)
 *(.data*)
 .data.SystemCoreClock
                0x10000000        0x4 /home/enrico/LPXworkspace/CMSISv2p00_LPC17xx/Debug/libCMSISv2p00_LPC17xx.a(system_LPC17xx.o)
                0x10000000                SystemCoreClock
                0x10000004                . = ALIGN (0x4)
                0x10000004                _edata = .

.igot.plt       0x10000004        0x0 load address 0x000028d8
 .igot.plt      0x00000000        0x0 ./src/cr_startup_lpc175x_6x.o

.bss_RAM2       0x2007c000        0x0
 *(.bss.$RAM2*)
 *(.bss.$RamAHB32*)
                0x2007c000                . = ALIGN (0x4)

.bss            0x10000004      0x418
                0x10000004                _bss = .
 *(.bss*)
 .bss.rxptr     0x10000004        0x4 ./src/ethmac.o
 .bss.txptr     0x10000008        0x4 ./src/ethmac.o
 .bss.TimeTick  0x1000000c        0x4 ./src/ew_systick.o
                0x1000000c                TimeTick
 .bss.TimeTick2
                0x10000010        0x4 ./src/ew_systick.o
                0x10000010                TimeTick2
 .bss.pw_flag   0x10000014        0x4 ./src/main.o
                0x10000014                pw_flag
 *(COMMON)
 COMMON         0x10000018      0x401 ./src/main.o
                0x10000018                TCPTimer
                0x1000001c                HTTPBytesToSend
                0x10000020                TCPRxDataCount
                0x10000022                HTTPStatus
                0x10000024                TCPTxDataCount
                0x10000028                RecdFrameIP
                0x1000002c                RemoteMAC
                0x10000032                TCPStateMachine
                0x10000034                TCPUNASeqNr
                0x10000038                TCPLocalPort
                0x1000003c                _RxTCPBuffer
                0x1000013c                TCPFlags
                0x10000140                RecdFrameMAC
                0x10000146                RecdIPFrameLength
                0x10000148                PWebSide
                0x1000014c                RemoteIP
                0x10000150                LastFrameSent
                0x10000152                TCPRemotePort
                0x10000154                TxFrame2Size
                0x10000158                TCPAckNr
                0x1000015c                TransmitControl
                0x1000015e                TxFrame1Size
                0x10000160                ISNGenHigh
                0x10000164                _TxFrame2
                0x100001ae                RecdFrameLength
                0x100001b0                _TxFrame1
                0x100003e8                TCPSeqNr
                0x100003ec                RetryCounter
                0x100003f0                __Ciob
                0x10000418                SocketStatus
                0x1000041c                . = ALIGN (0x4)
 *fill*         0x10000419        0x3 
                0x1000041c                _ebss = .
                0x1000041c                PROVIDE (end, .)

.noinit_RAM2    0x2007c000        0x0
 *(.noinit.$RAM2*)
 *(.noinit.$RamAHB32*)
                0x2007c000                . = ALIGN (0x4)

.noinit         0x1000041c        0x0
                0x1000041c                _noinit = .
 *(.noinit*)
                0x1000041c                . = ALIGN (0x4)
                0x1000041c                _end_noinit = .
                0x1000041c                PROVIDE (_pvHeapStart, .)
                0x10008000                PROVIDE (_vStackTop, (__top_RamLoc32 - 0x0))
OUTPUT(EasyWeb.axf elf32-littlearm)

.debug_info     0x00000000     0x23e6
 .debug_info    0x00000000      0x27f ./src/cr_startup_lpc175x_6x.o
 .debug_info    0x0000027f      0xa98 ./src/ethmac.o
 .debug_info    0x00000d17      0x55b ./src/ew_systick.o
 .debug_info    0x00001272      0x57f ./src/main.o
 .debug_info    0x000017f1      0x8dd ./src/tcpip.o
 .debug_info    0x000020ce      0x318 /home/enrico/LPXworkspace/CMSISv2p00_LPC17xx/Debug/libCMSISv2p00_LPC17xx.a(system_LPC17xx.o)

.debug_abbrev   0x00000000      0x9a0
 .debug_abbrev  0x00000000      0x120 ./src/cr_startup_lpc175x_6x.o
 .debug_abbrev  0x00000120      0x242 ./src/ethmac.o
 .debug_abbrev  0x00000362      0x186 ./src/ew_systick.o
 .debug_abbrev  0x000004e8      0x167 ./src/main.o
 .debug_abbrev  0x0000064f      0x26b ./src/tcpip.o
 .debug_abbrev  0x000008ba       0xe6 /home/enrico/LPXworkspace/CMSISv2p00_LPC17xx/Debug/libCMSISv2p00_LPC17xx.a(system_LPC17xx.o)

.debug_loc      0x00000000      0x15f
 .debug_loc     0x00000000      0x15f ./src/cr_startup_lpc175x_6x.o

.debug_aranges  0x00000000      0x2a0
 .debug_aranges
                0x00000000       0x80 ./src/cr_startup_lpc175x_6x.o
 .debug_aranges
                0x00000080       0x88 ./src/ethmac.o
 .debug_aranges
                0x00000108       0x38 ./src/ew_systick.o
 .debug_aranges
                0x00000140       0x30 ./src/main.o
 .debug_aranges
                0x00000170      0x108 ./src/tcpip.o
 .debug_aranges
                0x00000278       0x28 /home/enrico/LPXworkspace/CMSISv2p00_LPC17xx/Debug/libCMSISv2p00_LPC17xx.a(system_LPC17xx.o)

.debug_ranges   0x00000000      0x258
 .debug_ranges  0x00000000       0x70 ./src/cr_startup_lpc175x_6x.o
 .debug_ranges  0x00000070       0x78 ./src/ethmac.o
 .debug_ranges  0x000000e8       0x28 ./src/ew_systick.o
 .debug_ranges  0x00000110       0x20 ./src/main.o
 .debug_ranges  0x00000130      0x110 ./src/tcpip.o
 .debug_ranges  0x00000240       0x18 /home/enrico/LPXworkspace/CMSISv2p00_LPC17xx/Debug/libCMSISv2p00_LPC17xx.a(system_LPC17xx.o)

.debug_macro    0x00000000     0x301e
 .debug_macro   0x00000000       0x1d ./src/cr_startup_lpc175x_6x.o
 .debug_macro   0x0000001d      0x862 ./src/cr_startup_lpc175x_6x.o
 .debug_macro   0x0000087f       0x9f ./src/ethmac.o
 .debug_macro   0x0000091e      0x5e5 ./src/ethmac.o
 .debug_macro   0x00000f03      0x2db ./src/ethmac.o
 .debug_macro   0x000011de       0x1c ./src/ethmac.o
 .debug_macro   0x000011fa       0x2e ./src/ethmac.o
 .debug_macro   0x00001228       0x10 ./src/ethmac.o
 .debug_macro   0x00001238      0x122 ./src/ethmac.o
 .debug_macro   0x0000135a      0x5b9 ./src/ethmac.o
 .debug_macro   0x00001913       0x18 ./src/ethmac.o
 .debug_macro   0x0000192b      0x7af ./src/ethmac.o
 .debug_macro   0x000020da      0x2c7 ./src/ethmac.o
 .debug_macro   0x000023a1       0x75 ./src/ew_systick.o
 .debug_macro   0x00002416       0xea ./src/main.o
 .debug_macro   0x00002500       0x76 ./src/main.o
 .debug_macro   0x00002576       0xa0 ./src/main.o
 .debug_macro   0x00002616       0x87 ./src/tcpip.o
 .debug_macro   0x0000269d      0x12b /home/enrico/LPXworkspace/CMSISv2p00_LPC17xx/Debug/libCMSISv2p00_LPC17xx.a(system_LPC17xx.o)
 .debug_macro   0x000027c8      0x856 /home/enrico/LPXworkspace/CMSISv2p00_LPC17xx/Debug/libCMSISv2p00_LPC17xx.a(system_LPC17xx.o)

.debug_line     0x00000000     0x1098
 .debug_line    0x00000000       0x9d ./src/cr_startup_lpc175x_6x.o
 .debug_line    0x0000009d      0x393 ./src/ethmac.o
 .debug_line    0x00000430      0x1e0 ./src/ew_systick.o
 .debug_line    0x00000610      0x2fb ./src/main.o
 .debug_line    0x0000090b      0x5ad ./src/tcpip.o
 .debug_line    0x00000eb8      0x1e0 /home/enrico/LPXworkspace/CMSISv2p00_LPC17xx/Debug/libCMSISv2p00_LPC17xx.a(system_LPC17xx.o)

.debug_str      0x00000000     0xb78d
 .debug_str     0x00000000     0x25bf ./src/cr_startup_lpc175x_6x.o
                               0x25d2 (size before relaxing)
 .debug_str     0x000025bf     0x7dfc ./src/ethmac.o
                               0xa1c6 (size before relaxing)
 .debug_str     0x0000a3bb      0x317 ./src/ew_systick.o
                               0x7f57 (size before relaxing)
 .debug_str     0x0000a6d2      0xa2e ./src/main.o
                               0xa642 (size before relaxing)
 .debug_str     0x0000b100      0x2d4 ./src/tcpip.o
                               0xa0fe (size before relaxing)
 .debug_str     0x0000b3d4      0x3b9 /home/enrico/LPXworkspace/CMSISv2p00_LPC17xx/Debug/libCMSISv2p00_LPC17xx.a(system_LPC17xx.o)
                               0x801e (size before relaxing)

.comment        0x00000000       0x70
 .comment       0x00000000       0x70 ./src/cr_startup_lpc175x_6x.o
                                 0x71 (size before relaxing)
 .comment       0x00000000       0x71 ./src/ethmac.o
 .comment       0x00000000       0x71 ./src/ew_systick.o
 .comment       0x00000000       0x71 ./src/main.o
 .comment       0x00000000       0x71 ./src/tcpip.o
 .comment       0x00000000       0x71 /home/enrico/LPXworkspace/CMSISv2p00_LPC17xx/Debug/libCMSISv2p00_LPC17xx.a(system_LPC17xx.o)
 .comment       0x00000000       0x71 /usr/local/lpcxpresso_7.0.2_102/lpcxpresso/tools/bin/../lib/gcc/arm-none-eabi/4.8.3/../../../../arm-none-eabi/lib/armv7-m/libcr_c.a(memcpy.o)
 .comment       0x00000000       0x71 /usr/local/lpcxpresso_7.0.2_102/lpcxpresso/tools/bin/../lib/gcc/arm-none-eabi/4.8.3/../../../../arm-none-eabi/lib/armv7-m/libcr_c.a(memset.o)
 .comment       0x00000000       0x71 /usr/local/lpcxpresso_7.0.2_102/lpcxpresso/tools/bin/../lib/gcc/arm-none-eabi/4.8.3/../../../../arm-none-eabi/lib/armv7-m/libcr_c.a(__weak__main.o)
 .comment       0x00000000       0x71 /usr/local/lpcxpresso_7.0.2_102/lpcxpresso/tools/bin/../lib/gcc/arm-none-eabi/4.8.3/../../../../arm-none-eabi/lib/armv7-m/libcr_c.a(memcmp.o)
 .comment       0x00000000       0x71 /usr/local/lpcxpresso_7.0.2_102/lpcxpresso/tools/bin/../lib/gcc/arm-none-eabi/4.8.3/../../../../arm-none-eabi/lib/armv7-m/libcr_c.a(strncpy.o)

.ARM.attributes
                0x00000000       0x31
 .ARM.attributes
                0x00000000       0x33 ./src/cr_startup_lpc175x_6x.o
 .ARM.attributes
                0x00000033       0x33 ./src/ethmac.o
 .ARM.attributes
                0x00000066       0x33 ./src/ew_systick.o
 .ARM.attributes
                0x00000099       0x33 ./src/main.o
 .ARM.attributes
                0x000000cc       0x33 ./src/tcpip.o
 .ARM.attributes
                0x000000ff       0x33 /home/enrico/LPXworkspace/CMSISv2p00_LPC17xx/Debug/libCMSISv2p00_LPC17xx.a(system_LPC17xx.o)
 .ARM.attributes
                0x00000132       0x33 /usr/local/lpcxpresso_7.0.2_102/lpcxpresso/tools/bin/../lib/gcc/arm-none-eabi/4.8.3/../../../../arm-none-eabi/lib/armv7-m/libcr_c.a(memcpy.o)
 .ARM.attributes
                0x00000165       0x33 /usr/local/lpcxpresso_7.0.2_102/lpcxpresso/tools/bin/../lib/gcc/arm-none-eabi/4.8.3/../../../../arm-none-eabi/lib/armv7-m/libcr_c.a(memset.o)
 .ARM.attributes
                0x00000198       0x33 /usr/local/lpcxpresso_7.0.2_102/lpcxpresso/tools/bin/../lib/gcc/arm-none-eabi/4.8.3/../../../../arm-none-eabi/lib/armv7-m/libcr_c.a(__weak__main.o)
 .ARM.attributes
                0x000001cb       0x33 /usr/local/lpcxpresso_7.0.2_102/lpcxpresso/tools/bin/../lib/gcc/arm-none-eabi/4.8.3/../../../../arm-none-eabi/lib/armv7-m/libcr_c.a(memcmp.o)
 .ARM.attributes
                0x000001fe       0x33 /usr/local/lpcxpresso_7.0.2_102/lpcxpresso/tools/bin/../lib/gcc/arm-none-eabi/4.8.3/../../../../arm-none-eabi/lib/armv7-m/libcr_c.a(strncpy.o)
 .ARM.attributes
                0x00000231       0x21 /usr/local/lpcxpresso_7.0.2_102/lpcxpresso/tools/bin/../lib/gcc/arm-none-eabi/4.8.3/armv7-m/libcr_eabihelpers.a(memcpy.o)

.debug_frame    0x00000000      0x70c
 .debug_frame   0x00000000       0xf0 ./src/cr_startup_lpc175x_6x.o
 .debug_frame   0x000000f0      0x1a0 ./src/ethmac.o
 .debug_frame   0x00000290       0x84 ./src/ew_systick.o
 .debug_frame   0x00000314       0x68 ./src/main.o
 .debug_frame   0x0000037c      0x354 ./src/tcpip.o
 .debug_frame   0x000006d0       0x3c /home/enrico/LPXworkspace/CMSISv2p00_LPC17xx/Debug/libCMSISv2p00_LPC17xx.a(system_LPC17xx.o)
